BL51 BANKED LINKER/LOCATER V6.22.2.0                                                    02/23/2025  14:30:22  PAGE 1


BL51 BANKED LINKER/LOCATER V6.22.2.0, INVOKED BY:
D:\KEIL\C51\BIN\BL51.EXE C51.obj TO C51 RAMSIZE (256)


MEMORY MODEL: SMALL WITH FLOATING POINT ARITHMETIC


INPUT MODULES INCLUDED:
  C51.obj (C51)
  D:\KEIL\C51\LIB\C51FPS.LIB (?C?FPADD)
  D:\KEIL\C51\LIB\C51FPS.LIB (?C?FPMUL)
  D:\KEIL\C51\LIB\C51FPS.LIB (?C?FPDIV)
  D:\KEIL\C51\LIB\C51FPS.LIB (?C?FCAST)
  D:\KEIL\C51\LIB\C51FPS.LIB (?C?CASTF)
  D:\KEIL\C51\LIB\C51FPS.LIB (?C?FPGETOPN)
  D:\KEIL\C51\LIB\C51S.LIB (?C_STARTUP)
  D:\KEIL\C51\LIB\C51S.LIB (?C?CLDPTR)
  D:\KEIL\C51\LIB\C51S.LIB (?C?CLDOPTR)
  D:\KEIL\C51\LIB\C51S.LIB (?C?CSTOPTR)
  D:\KEIL\C51\LIB\C51S.LIB (?C?IMUL)
  D:\KEIL\C51\LIB\C51S.LIB (?C?UIDIV)
  D:\KEIL\C51\LIB\C51S.LIB (?C?SIDIV)
  D:\KEIL\C51\LIB\C51S.LIB (?C?ULDIV)
  D:\KEIL\C51\LIB\C51S.LIB (?C?LNEG)
  D:\KEIL\C51\LIB\C51S.LIB (?C?ULCMP)
  D:\KEIL\C51\LIB\C51S.LIB (?C?LSTXDATA)
  D:\KEIL\C51\LIB\C51S.LIB (?C?OFFXADD)
  D:\KEIL\C51\LIB\C51S.LIB (?C_INIT)


LINK MAP OF MODULE:  C51 (C51)


            TYPE    BASE      LENGTH    RELOCATION   SEGMENT NAME
            -----------------------------------------------------

            * * * * * * *   D A T A   M E M O R Y   * * * * * * *
            REG     0000H     0008H     ABSOLUTE     "REG BANK 0"
            DATA    0008H     0003H     UNIT         ?DT?_UARTDATA_BYTE?C51
                    000BH     0015H                  *** GAP ***
            BIT     0020H.0   0002H.2   UNIT         ?BI?C51
            BIT     0022H.2   0000H.2   UNIT         _BIT_GROUP_
                    0022H.4   0000H.4                *** GAP ***
            DATA    0023H     002CH     UNIT         _DATA_GROUP_
            DATA    004FH     0024H     UNIT         ?DT?C51
            IDATA   0073H     0001H     UNIT         ?STACK

            * * * * * * *  X D A T A   M E M O R Y  * * * * * * *
            XDATA   0000H     01A6H     UNIT         ?XD?C51

            * * * * * * *   C O D E   M E M O R Y   * * * * * * *
            CODE    0000H     0003H     ABSOLUTE     
                    0003H     0008H                  *** GAP ***
            CODE    000BH     0003H     ABSOLUTE     
                    000EH     0015H                  *** GAP ***
            CODE    0023H     0003H     ABSOLUTE     
                    0026H     07DAH                  *** GAP ***
            CODE    0800H     1BF3H     UNIT         ?PR?DISPLAY?C51
BL51 BANKED LINKER/LOCATER V6.22.2.0                                                  02/23/2025  14:30:22  PAGE 2


            CODE    23F3H     1A69H     UNIT         ?PR?GPS_ROUTE_DISPOSE?C51
            CODE    3E5CH     0BF0H     UNIT         ?PR?KEY_DISPOSE?C51
            CODE    4A4CH     0853H     UNIT         ?PR?UART_RX?C51
            CODE    529FH     0567H     UNIT         ?C?LIB_CODE
            CODE    5806H     0370H     UNIT         ?CO?C51
            CODE    5B76H     0169H     UNIT         ?PR?READ_TIME1?C51
            CODE    5CDFH     012DH     UNIT         ?PR?MEMORY_GPS?C51
            CODE    5E0CH     00AFH     UNIT         ?PR?READ_MEMORY?C51
            CODE    5EBBH     008DH     UNIT         ?C_INITSEG
            CODE    5F48H     008CH     UNIT         ?C_C51STARTUP
            CODE    5FD4H     007CH     UNIT         ?PR?_SEQUENTIAL_WRITE_FLASH_IN_ONE_SECTOR?C51
            CODE    6050H     0079H     UNIT         ?PR?TIME0?C51
            CODE    60C9H     0068H     UNIT         ?PR?LCD12864_WRITE?C51
            CODE    6131H     0059H     UNIT         ?PR?MEMORY?C51
            CODE    618AH     0055H     UNIT         ?PR?_DOSUM?C51
            CODE    61DFH     0054H     UNIT         ?PR?_DS1302WRITE?C51
            CODE    6233H     004EH     UNIT         ?PR?_LCD12864_POS?C51
            CODE    6281H     003FH     UNIT         ?PR?_IAPREADSECTOR?C51
            CODE    62C0H     003EH     UNIT         ?PR?_DS1302READ?C51
            CODE    62FEH     0034H     UNIT         ?PR?LCD12864_READ?C51
            CODE    6332H     0032H     UNIT         ?PR?_SEND_APPOINT_SOUND?C51
            CODE    6364H     0032H     UNIT         ?PR?MAIN?C51
            CODE    6396H     002DH     UNIT         ?PR?_CONVER_WEEK?C51
            CODE    63C3H     002BH     UNIT         ?PR?_VERIFY_GPSDAT?C51
            CODE    63EEH     002BH     UNIT         ?PR?_SEND_APPOINT_MUSIC?C51
            CODE    6419H     0028H     UNIT         ?PR?LCD12864_INIT?C51
            CODE    6441H     0025H     UNIT         ?PR?LCD12864_QING?C51
            CODE    6466H     0025H     UNIT         ?PR?_UARTDATA_BYTE?C51
            CODE    648BH     001FH     UNIT         ?PR?TIMEINT?C51
            CODE    64AAH     001DH     UNIT         ?PR?_LCD12864_WRITEBYTE?C51
            CODE    64C7H     001AH     UNIT         ?PR?READ_GPS?C51
            CODE    64E1H     001AH     UNIT         ?PR?_SEND_HEX?C51
            CODE    64FBH     001AH     UNIT         ?PR?LED_DISPOSE?C51
            CODE    6515H     0016H     UNIT         ?PR?_IAPREADBYTE?C51
            CODE    652BH     0016H     UNIT         ?PR?_IAPPROGRAMBYTE?C51
            CODE    6541H     0014H     UNIT         ?PR?_DELAY_EEPROM?C51
            CODE    6555H     0014H     UNIT         ?PR?_IAPERASESECTOR?C51
            CODE    6569H     0013H     UNIT         ?PR?_SENDWRITE?C51
            CODE    657CH     000DH     UNIT         ?PR?LCD12864_BUSY?C51
            CODE    6589H     000DH     UNIT         ?PR?IAPIDLE?C51
            CODE    6596H     000BH     UNIT         ?PR?_DELAY?C51
            CODE    65A1H     0008H     UNIT         ?PR?_UART1DATA?C51



OVERLAY MAP OF MODULE:   C51 (C51)


SEGMENT                                             BIT_GROUP          DATA_GROUP 
  +--> CALLED SEGMENT                            START    LENGTH     START    LENGTH
------------------------------------------------------------------------------------
?PR?TIME0?C51                                    -----    -----      -----    -----
  +--> ?PR?KEY_DISPOSE?C51

?PR?KEY_DISPOSE?C51                              -----    -----      -----    -----
  +--> ?PR?_SEND_APPOINT_MUSIC?C51
  +--> ?PR?_LCD12864_POS?C51
BL51 BANKED LINKER/LOCATER V6.22.2.0                                                  02/23/2025  14:30:22  PAGE 3


  +--> ?CO?C51
  +--> ?PR?_LCD12864_WRITEBYTE?C51
  +--> ?PR?LCD12864_WRITE?C51
  +--> ?PR?_SEQUENTIAL_WRITE_FLASH_IN_ONE_SE...

?PR?_SEND_APPOINT_MUSIC?C51                      -----    -----      0040H    000AH
  +--> ?PR?_DOSUM?C51
  +--> ?PR?_SEND_HEX?C51

?PR?_DOSUM?C51                                   -----    -----      004AH    0005H

?PR?_LCD12864_POS?C51                            -----    -----      -----    -----
  +--> ?PR?LCD12864_WRITE?C51

?PR?LCD12864_WRITE?C51                           0022H.3  0000H.1    0041H    0001H
  +--> ?PR?LCD12864_BUSY?C51
  +--> ?PR?_SENDWRITE?C51

?PR?LCD12864_BUSY?C51                            -----    -----      -----    -----
  +--> ?PR?_SENDWRITE?C51
  +--> ?PR?LCD12864_READ?C51

?PR?_LCD12864_WRITEBYTE?C51                      -----    -----      -----    -----
  +--> ?CO?C51
  +--> ?PR?LCD12864_WRITE?C51

?PR?_SEQUENTIAL_WRITE_FLASH_IN_ONE_SE...         -----    -----      0040H    000DH
  +--> ?PR?_IAPERASESECTOR?C51
  +--> ?PR?_IAPPROGRAMBYTE?C51
  +--> ?PR?_IAPREADBYTE?C51
  +--> ?PR?IAPIDLE?C51

?PR?_IAPERASESECTOR?C51                          -----    -----      -----    -----
  +--> ?PR?IAPIDLE?C51

?PR?_IAPPROGRAMBYTE?C51                          -----    -----      -----    -----
  +--> ?PR?IAPIDLE?C51

?PR?_IAPREADBYTE?C51                             -----    -----      -----    -----
  +--> ?PR?IAPIDLE?C51

*** NEW ROOT ***************************************************

?PR?UART_RX?C51                                  -----    -----      0032H    000EH
  +--> ?CO?C51
  +--> ?PR?_VERIFY_GPSDAT?C51
  +--> ?PR?_DS1302WRITE?C51

*** NEW ROOT ***************************************************

?C_C51STARTUP                                    -----    -----      -----    -----
  +--> ?PR?MAIN?C51
  +--> ?C_INITSEG

?PR?MAIN?C51                                     -----    -----      -----    -----
  +--> ?PR?TIMEINT?C51
  +--> ?PR?LCD12864_INIT?C51
BL51 BANKED LINKER/LOCATER V6.22.2.0                                                  02/23/2025  14:30:22  PAGE 4


  +--> ?PR?READ_MEMORY?C51
  +--> ?PR?READ_GPS?C51
  +--> ?PR?READ_TIME1?C51
  +--> ?PR?GPS_ROUTE_DISPOSE?C51
  +--> ?PR?DISPLAY?C51
  +--> ?PR?KEY_DISPOSE?C51
  +--> ?PR?MEMORY?C51
  +--> ?PR?MEMORY_GPS?C51
  +--> ?PR?LED_DISPOSE?C51
  +--> ?PR?_SEND_APPOINT_SOUND?C51

?PR?LCD12864_INIT?C51                            -----    -----      -----    -----
  +--> ?PR?LCD12864_WRITE?C51

?PR?READ_MEMORY?C51                              -----    -----      -----    -----
  +--> ?PR?_IAPREADBYTE?C51

?PR?READ_GPS?C51                                 -----    -----      -----    -----
  +--> ?PR?_IAPREADSECTOR?C51

?PR?_IAPREADSECTOR?C51                           -----    -----      0040H    0007H
  +--> ?PR?_IAPREADBYTE?C51

?PR?READ_TIME1?C51                               -----    -----      -----    -----
  +--> ?PR?_DS1302READ?C51
  +--> ?PR?_DS1302WRITE?C51

?PR?GPS_ROUTE_DISPOSE?C51                        -----    -----      -----    -----
  +--> ?PR?_SEND_APPOINT_MUSIC?C51

?PR?DISPLAY?C51                                  -----    -----      0040H    0001H
  +--> ?PR?_LCD12864_POS?C51
  +--> ?CO?C51
  +--> ?PR?_LCD12864_WRITEBYTE?C51
  +--> ?PR?LCD12864_WRITE?C51
  +--> ?PR?_CONVER_WEEK?C51

?PR?_CONVER_WEEK?C51                             -----    -----      -----    -----
  +--> ?CO?C51

?PR?MEMORY?C51                                   -----    -----      -----    -----
  +--> ?PR?_IAPERASESECTOR?C51
  +--> ?PR?_IAPPROGRAMBYTE?C51

?PR?MEMORY_GPS?C51                               -----    -----      0040H    0001H
  +--> ?PR?_IAPERASESECTOR?C51
  +--> ?PR?_IAPPROGRAMBYTE?C51

?PR?_SEND_APPOINT_SOUND?C51                      -----    -----      0040H    000AH
  +--> ?PR?_DOSUM?C51
  +--> ?PR?_SEND_HEX?C51



SYMBOL TABLE OF MODULE:  C51 (C51)

  VALUE           TYPE          NAME
BL51 BANKED LINKER/LOCATER V6.22.2.0                                                  02/23/2025  14:30:22  PAGE 5


  ----------------------------------

  -------         MODULE        C51
  C:0000H         SYMBOL        _ICE_DUMMY_
  C:5A77H         PUBLIC        shangxing1
  B:0020H.0       PUBLIC        key7_flag
  B:0090H.3       PUBLIC        key4
  C:5A88H         PUBLIC        shangxing2
  B:0020H.1       PUBLIC        key8_flag
  B:0090H.4       PUBLIC        key5
  C:6396H         PUBLIC        _Conver_week
  D:0080H         PUBLIC        P0
  C:5A99H         PUBLIC        shangxing3
  B:0090H.5       PUBLIC        key6
  D:0090H         PUBLIC        P1
  C:5AAAH         PUBLIC        shangxing4
  B:0090H.6       PUBLIC        key7
  D:00A0H         PUBLIC        P2
  C:5ABBH         PUBLIC        shangxing5
  B:0090H.7       PUBLIC        key8
  D:00B0H         PUBLIC        P3
  C:5ACCH         PUBLIC        shangxing6
  C:6555H         PUBLIC        _IapEraseSector
  C:5ADDH         PUBLIC        shangxing7
  B:0020H.2       PUBLIC        Display_Reversal
  X:0000H         PUBLIC        GPS_dat
  C:5AEEH         PUBLIC        shangxing8
  B:00A8H.7       PUBLIC        EA
  C:5AFFH         PUBLIC        shangxing9
  B:0020H.3       PUBLIC        Mode
  B:0020H.4       PUBLIC        Sound_flag
  C:4A4CH         PUBLIC        uart_rx
  B:00B0H.2       PUBLIC        Music_Busy
  D:004FH         PUBLIC        Sound
  C:6281H         PUBLIC        _IapReadSector
  C:623DH         PUBLIC        _LCD12864_pos
  C:652BH         PUBLIC        _IapProgramByte
  D:00E5H         PUBLIC        IAP_CMD
  C:6596H         PUBLIC        _delay
  C:6466H         PUBLIC        _UartData_Byte
  C:64FBH         PUBLIC        led_dispose
  C:64E1H         PUBLIC        _Send_Hex
  C:5FD4H         PUBLIC        _sequential_write_flash_in_one_sector
  B:0080H.0       PUBLIC        LCD12864_CLK
  B:00A8H.4       PUBLIC        ES
  C:23F3H         PUBLIC        GPS_Route_Dispose
  B:0020H.5       PUBLIC        memory_flag
  C:596CH         PUBLIC        table_week
  C:6569H         PUBLIC        _SendWrite
  B:0098H.0       PUBLIC        RI
  C:5E0CH         PUBLIC        read_memory
  C:6589H         PUBLIC        IapIdle
  B:0080H.1       PUBLIC        LCD12864_SID
  B:00D0H.7       PUBLIC        CY
  C:6131H         PUBLIC        memory
  B:0098H.1       PUBLIC        TI
  C:63C3H         PUBLIC        _verify_GPSdat
BL51 BANKED LINKER/LOCATER V6.22.2.0                                                  02/23/2025  14:30:22  PAGE 6


  D:00E3H         PUBLIC        IAP_ADDRH
  C:64B0H         PUBLIC        _LCD12864_writebyte
  B:0020H.6       PUBLIC        s0
  D:0050H         PUBLIC        state
  D:00E4H         PUBLIC        IAP_ADDRL
  B:00B0H.2       PUBLIC        Busy
  C:6364H         PUBLIC        main
  C:3E5CH         PUBLIC        key_dispose
  D:0051H         PUBLIC        count
  C:5978H         PUBLIC        xiaxing1
  B:00A0H.0       PUBLIC        SCLK
  X:0064H         PUBLIC        time_data
  C:5B10H         PUBLIC        shangxing10
  C:5989H         PUBLIC        xiaxing2
  D:0052H         PUBLIC        JD_B
  C:5B21H         PUBLIC        shangxing11
  C:599AH         PUBLIC        xiaxing3
  B:00A0H.1       PUBLIC        DSIO
  C:63EEH         PUBLIC        _Send_Appoint_Music
  C:5B32H         PUBLIC        shangxing12
  C:59ABH         PUBLIC        xiaxing4
  C:6515H         PUBLIC        _IapReadByte
  D:0099H         PUBLIC        SBUF
  D:0087H         PUBLIC        PCON
  C:5B43H         PUBLIC        shangxing13
  C:59BCH         PUBLIC        xiaxing5
  C:5B54H         PUBLIC        shangxing14
  C:59CDH         PUBLIC        xiaxing6
  C:5B65H         PUBLIC        shangxing15
  C:59DEH         PUBLIC        xiaxing7
  D:0098H         PUBLIC        SCON
  C:59EFH         PUBLIC        xiaxing8
  D:0089H         PUBLIC        TMOD
  C:5A00H         PUBLIC        xiaxing9
  C:6332H         PUBLIC        _Send_Appoint_Sound
  C:62FEH         PUBLIC        LCD12864_Read
  D:0056H         PUBLIC        WD_A
  D:005AH         PUBLIC        sec
  C:648BH         PUBLIC        TimeInt
  C:62C0H         PUBLIC        _ds1302read
  X:006BH         PUBLIC        time_data_1
  X:0072H         PUBLIC        time_data_2
  X:0079H         PUBLIC        time_data_3
  X:0080H         PUBLIC        time_data_4
  D:00E7H         PUBLIC        IAP_CONTR
  D:005BH         PUBLIC        flag_cun
  X:0087H         PUBLIC        NowTime
  B:00A8H.1       PUBLIC        ET0
  D:005CH         PUBLIC        Sec_set
  C:65A1H         PUBLIC        _Uart1Data
  C:6441H         PUBLIC        LCD12864_Qing
  D:008CH         PUBLIC        TH0
  D:008DH         PUBLIC        TH1
  C:6206H         PUBLIC        _ds1302write
  D:008AH         PUBLIC        TL0
  D:005DH         PUBLIC        longitude
  B:0020H.7       PUBLIC        Upstream_Down
BL51 BANKED LINKER/LOCATER V6.22.2.0                                                  02/23/2025  14:30:22  PAGE 7


  B:0080H.2       PUBLIC        LCD12864_CS
  D:008BH         PUBLIC        TL1
  D:0061H         PUBLIC        Station_Count
  D:00E2H         PUBLIC        IAP_DATA
  B:0088H.4       PUBLIC        TR0
  B:0088H.6       PUBLIC        TR1
  B:0021H.0       PUBLIC        GPS_Write
  C:0800H         PUBLIC        Display
  X:008EH         PUBLIC        A_dat
  X:00A2H         PUBLIC        B_dat
  C:5A11H         PUBLIC        xiaxing10
  C:6541H         PUBLIC        _Delay_eeprom
  C:5A22H         PUBLIC        xiaxing11
  C:5A33H         PUBLIC        xiaxing12
  D:0062H         PUBLIC        pp
  D:0065H         PUBLIC        JD_Difference
  D:0067H         PUBLIC        ms
  C:657CH         PUBLIC        LCD12864_Busy
  C:6050H         PUBLIC        time0
  C:5B76H         PUBLIC        read_time1
  D:0068H         PUBLIC        Time_Calibration
  D:0069H         PUBLIC        latitude
  C:5A44H         PUBLIC        xiaxing13
  C:5A55H         PUBLIC        xiaxing14
  C:5A66H         PUBLIC        xiaxing15
  B:0021H.1       PUBLIC        memory_GPS_flag
  D:006DH         PUBLIC        subscript
  D:006EH         PUBLIC        Station
  B:00B0H.4       PUBLIC        led0
  B:00B0H.5       PUBLIC        led1
  C:5CDFH         PUBLIC        memory_GPS
  B:00B0H.6       PUBLIC        led2
  C:64C7H         PUBLIC        read_GPS
  B:00B0H.7       PUBLIC        led3
  C:610CH         PUBLIC        LCD12864_write
  C:618AH         PUBLIC        _DoSum
  D:006FH         PUBLIC        WD_Difference
  B:0021H.2       PUBLIC        A_M
  D:0071H         PUBLIC        sec1
  C:6419H         PUBLIC        LCD12864_init
  D:00E6H         PUBLIC        IAP_TRIG
  X:00B6H         PUBLIC        gps_cun
  B:0021H.3       PUBLIC        key1_flag
  B:0021H.4       PUBLIC        key2_flag
  B:00A0H.2       PUBLIC        RST
  B:0021H.5       PUBLIC        position
  B:0021H.6       PUBLIC        key3_flag
  B:0021H.7       PUBLIC        key4_flag
  B:0090H.0       PUBLIC        key1
  D:0072H         PUBLIC        GPS_time
  B:0022H.0       PUBLIC        key5_flag
  B:0090H.1       PUBLIC        key2
  B:0022H.1       PUBLIC        key6_flag
  B:0090H.2       PUBLIC        key3
  -------         PROC          _SENDWRITE
  D:0007H         SYMBOL        dat
  -------         DO            
BL51 BANKED LINKER/LOCATER V6.22.2.0                                                  02/23/2025  14:30:22  PAGE 8


  D:0006H         SYMBOL        i
  -------         ENDDO         
  C:6569H         LINE#         17
  C:6569H         LINE#         18
  C:6569H         LINE#         20
  C:656BH         LINE#         21
  C:656BH         LINE#         22
  C:656DH         LINE#         23
  C:6571H         LINE#         24
  C:6573H         LINE#         25
  C:6575H         LINE#         26
  C:6577H         LINE#         27
  C:657BH         LINE#         28
  -------         ENDPROC       _SENDWRITE
  -------         PROC          LCD12864_READ
  -------         DO            
  D:0005H         SYMBOL        i
  D:0006H         SYMBOL        dat1
  D:0007H         SYMBOL        dat2
  -------         ENDDO         
  C:62FEH         LINE#         35
  C:62FEH         LINE#         36
  C:62FEH         LINE#         38
  C:6301H         LINE#         39
  C:6302H         LINE#         40
  C:6302H         LINE#         41
  C:6306H         LINE#         42
  C:6308H         LINE#         43
  C:630AH         LINE#         44
  C:630CH         LINE#         45
  C:6310H         LINE#         46
  C:6314H         LINE#         47
  C:6316H         LINE#         48
  C:6316H         LINE#         49
  C:631AH         LINE#         50
  C:631CH         LINE#         51
  C:631EH         LINE#         52
  C:6320H         LINE#         53
  C:6324H         LINE#         54
  C:6328H         LINE#         55
  C:6331H         LINE#         56
  -------         ENDPROC       LCD12864_READ
  -------         PROC          LCD12864_BUSY
  C:657CH         LINE#         62
  C:657CH         LINE#         63
  C:657CH         LINE#         64
  C:6581H         LINE#         65
  C:6588H         LINE#         66
  -------         ENDPROC       LCD12864_BUSY
  C:60CEH         SYMBOL        L?1586
  C:60D8H         SYMBOL        L?1587
  C:60E6H         SYMBOL        L?1588
  C:60EEH         SYMBOL        L?1589
  C:60F9H         SYMBOL        L?1590
  C:60FBH         SYMBOL        L?1591
  C:60FEH         SYMBOL        L?1592
  C:6104H         SYMBOL        L?1593
BL51 BANKED LINKER/LOCATER V6.22.2.0                                                  02/23/2025  14:30:22  PAGE 9


  C:6108H         SYMBOL        L?1594
  -------         PROC          L?1585
  -------         ENDPROC       L?1585
  C:60CEH         SYMBOL        L?1586
  C:60D8H         SYMBOL        L?1587
  C:60E6H         SYMBOL        L?1588
  C:60EEH         SYMBOL        L?1589
  C:60F9H         SYMBOL        L?1590
  C:60FBH         SYMBOL        L?1591
  C:60FEH         SYMBOL        L?1592
  C:6104H         SYMBOL        L?1593
  C:6108H         SYMBOL        L?1594
  -------         PROC          LCD12864_WRITE
  B:0022H.3       SYMBOL        cmd
  D:0041H         SYMBOL        dat
  C:610CH         LINE#         73
  C:610CH         LINE#         74
  C:610CH         LINE#         75
  C:610EH         LINE#         76
  C:6111H         LINE#         77
  C:6118H         LINE#         78
  C:611DH         LINE#         79
  C:6125H         LINE#         80
  C:612EH         LINE#         81
  C:6130H         LINE#         82
  -------         ENDPROC       LCD12864_WRITE
  C:64AAH         SYMBOL        L?1599
  -------         PROC          L?1598
  -------         ENDPROC       L?1598
  C:64AAH         SYMBOL        L?1599
  -------         PROC          _LCD12864_WRITEBYTE
  D:0001H         SYMBOL        prointer
  C:64B0H         LINE#         88
  C:64B0H         LINE#         89
  C:64B0H         LINE#         90
  C:64B6H         LINE#         91
  C:64B6H         LINE#         92
  C:64BDH         LINE#         93
  C:64C4H         LINE#         94
  C:64C6H         LINE#         95
  -------         ENDPROC       _LCD12864_WRITEBYTE
  -------         PROC          LCD12864_INIT
  C:6419H         LINE#         100
  C:6419H         LINE#         101
  C:6419H         LINE#         102
  C:6421H         LINE#         103
  C:6429H         LINE#         104
  C:6431H         LINE#         105
  C:6439H         LINE#         106
  -------         ENDPROC       LCD12864_INIT
  C:6238H         SYMBOL        L?1596
  -------         PROC          L?1595
  -------         ENDPROC       L?1595
  C:6238H         SYMBOL        L?1596
  -------         PROC          _LCD12864_POS
  D:0003H         SYMBOL        x
  D:0082H         SYMBOL        y
BL51 BANKED LINKER/LOCATER V6.22.2.0                                                  02/23/2025  14:30:22  PAGE 10


  C:623DH         LINE#         114
  C:6243H         LINE#         115
  C:6243H         LINE#         116
  C:624FH         LINE#         117
  C:624FH         LINE#         118
  C:624FH         LINE#         119
  C:6253H         LINE#         120
  C:6253H         LINE#         121
  C:6257H         LINE#         122
  C:6257H         LINE#         123
  C:625BH         LINE#         124
  C:625BH         LINE#         125
  C:625DH         LINE#         126
  C:625DH         LINE#         129
  C:6263H         LINE#         130
  C:626BH         LINE#         131
  C:6276H         LINE#         132
  -------         ENDPROC       _LCD12864_POS
  -------         PROC          LCD12864_QING
  -------         DO            
  D:0004H         SYMBOL        i
  -------         ENDDO         
  C:6441H         LINE#         140
  C:6441H         LINE#         141
  C:6441H         LINE#         143
  C:6449H         LINE#         144
  C:6451H         LINE#         145
  C:6453H         LINE#         146
  C:645FH         LINE#         147
  -------         ENDPROC       LCD12864_QING
  -------         PROC          _CONVER_WEEK
  D:0007H         SYMBOL        year
  D:0005H         SYMBOL        month
  D:0003H         SYMBOL        day
  -------         DO            
  D:0006H         SYMBOL        p1
  D:0006H         SYMBOL        p2
  D:0007H         SYMBOL        week
  -------         ENDDO         
  C:6396H         LINE#         32
  C:6396H         LINE#         33
  C:6396H         LINE#         35
  C:639AH         LINE#         36
  C:639EH         LINE#         37
  C:639FH         LINE#         38
  C:63A5H         LINE#         39
  C:63AFH         LINE#         40
  C:63BBH         LINE#         41
  C:63C2H         LINE#         42
  C:63C2H         LINE#         43
  -------         ENDPROC       _CONVER_WEEK
  -------         PROC          L?1597
  -------         ENDPROC       L?1597
  -------         PROC          _DS1302WRITE
  D:0007H         SYMBOL        addr
  D:0005H         SYMBOL        dat
  -------         DO            
BL51 BANKED LINKER/LOCATER V6.22.2.0                                                  02/23/2025  14:30:22  PAGE 11


  D:0006H         SYMBOL        n
  -------         ENDDO         
  C:6206H         LINE#         47
  C:6206H         LINE#         48
  C:6206H         LINE#         50
  C:6208H         LINE#         53
  C:620AH         LINE#         55
  C:620CH         LINE#         58
  C:620EH         LINE#         59
  C:620EH         LINE#         60
  C:6212H         LINE#         61
  C:6216H         LINE#         62
  C:6218H         LINE#         64
  C:621AH         LINE#         66
  C:621EH         LINE#         67
  C:6220H         LINE#         68
  C:6220H         LINE#         69
  C:6224H         LINE#         70
  C:6228H         LINE#         71
  C:622AH         LINE#         73
  C:622CH         LINE#         75
  C:6230H         LINE#         77
  C:6232H         LINE#         79
  -------         ENDPROC       _DS1302WRITE
  -------         PROC          _DS1302READ
  D:0007H         SYMBOL        addr
  -------         DO            
  D:0005H         SYMBOL        n
  D:0006H         SYMBOL        dat
  D:0007H         SYMBOL        dat1
  -------         ENDDO         
  C:62C0H         LINE#         88
  C:62C0H         LINE#         89
  C:62C0H         LINE#         91
  C:62C2H         LINE#         94
  C:62C4H         LINE#         96
  C:62C6H         LINE#         99
  C:62C8H         LINE#         100
  C:62C8H         LINE#         101
  C:62CCH         LINE#         102
  C:62D0H         LINE#         103
  C:62D2H         LINE#         105
  C:62D4H         LINE#         107
  C:62D8H         LINE#         109
  C:62DAH         LINE#         110
  C:62DAH         LINE#         111
  C:62DFH         LINE#         112
  C:62EBH         LINE#         113
  C:62EDH         LINE#         115
  C:62EFH         LINE#         117
  C:62F3H         LINE#         119
  C:62F5H         LINE#         121
  C:62F7H         LINE#         123
  C:62F9H         LINE#         125
  C:62FBH         LINE#         127
  C:62FDH         LINE#         128
  -------         ENDPROC       _DS1302READ
BL51 BANKED LINKER/LOCATER V6.22.2.0                                                  02/23/2025  14:30:22  PAGE 12


  -------         PROC          _DELAY_EEPROM
  D:0007H         SYMBOL        n
  -------         DO            
  D:0004H         SYMBOL        x
  -------         ENDDO         
  C:6541H         LINE#         75
  C:6541H         LINE#         76
  C:6541H         LINE#         79
  C:6547H         LINE#         80
  C:6547H         LINE#         81
  C:654AH         LINE#         82
  C:6554H         LINE#         83
  C:6554H         LINE#         84
  -------         ENDPROC       _DELAY_EEPROM
  -------         PROC          IAPIDLE
  C:6589H         LINE#         90
  C:6589H         LINE#         91
  C:6589H         LINE#         92
  C:658CH         LINE#         93
  C:658EH         LINE#         94
  C:6590H         LINE#         95
  C:6593H         LINE#         96
  C:6595H         LINE#         97
  -------         ENDPROC       IAPIDLE
  -------         PROC          _IAPREADBYTE
  D:0006H         SYMBOL        addr
  -------         DO            
  D:0007H         SYMBOL        dat
  -------         ENDDO         
  C:6515H         LINE#         104
  C:6515H         LINE#         105
  C:6515H         LINE#         108
  C:6518H         LINE#         109
  C:651BH         LINE#         110
  C:651DH         LINE#         111
  C:651FH         LINE#         112
  C:6522H         LINE#         113
  C:6525H         LINE#         114
  C:6526H         LINE#         115
  C:6528H         LINE#         116
  -------         ENDPROC       _IAPREADBYTE
  -------         PROC          _IAPPROGRAMBYTE
  D:0006H         SYMBOL        addr
  D:0005H         SYMBOL        dat
  C:652BH         LINE#         127
  C:652BH         LINE#         128
  C:652BH         LINE#         129
  C:652EH         LINE#         130
  C:6531H         LINE#         131
  C:6533H         LINE#         132
  C:6535H         LINE#         133
  C:6537H         LINE#         134
  C:653AH         LINE#         135
  C:653DH         LINE#         136
  C:653EH         LINE#         137
  -------         ENDPROC       _IAPPROGRAMBYTE
  -------         PROC          _IAPERASESECTOR
BL51 BANKED LINKER/LOCATER V6.22.2.0                                                  02/23/2025  14:30:22  PAGE 13


  D:0006H         SYMBOL        addr
  C:6555H         LINE#         145
  C:6555H         LINE#         146
  C:6555H         LINE#         147
  C:6558H         LINE#         148
  C:655BH         LINE#         149
  C:655DH         LINE#         150
  C:655FH         LINE#         151
  C:6562H         LINE#         152
  C:6565H         LINE#         153
  C:6566H         LINE#         154
  -------         ENDPROC       _IAPERASESECTOR
  -------         PROC          _SEQUENTIAL_WRITE_FLASH_IN_ONE_SECTOR
  D:0040H         SYMBOL        begin_addr
  D:0042H         SYMBOL        counter
  D:0044H         SYMBOL        array
  -------         DO            
  D:0047H         SYMBOL        i
  D:0049H         SYMBOL        in_sector_begin_addr
  D:004BH         SYMBOL        sector_addr
  -------         ENDDO         
  C:5FD4H         LINE#         158
  C:5FE2H         LINE#         159
  C:5FE2H         LINE#         160
  C:5FE7H         LINE#         161
  C:5FEBH         LINE#         162
  C:5FEFH         LINE#         164
  C:5FF2H         LINE#         166
  C:6002H         LINE#         167
  C:6002H         LINE#         169
  C:6019H         LINE#         171
  C:6032H         LINE#         172
  C:6032H         LINE#         173
  C:6035H         LINE#         174
  C:6038H         LINE#         175
  C:6038H         LINE#         176
  C:6040H         LINE#         177
  C:604AH         LINE#         178
  C:604DH         LINE#         179
  C:604FH         LINE#         180
  -------         ENDPROC       _SEQUENTIAL_WRITE_FLASH_IN_ONE_SECTOR
  -------         PROC          _IAPREADSECTOR
  D:0040H         SYMBOL        begin_addr
  D:0042H         SYMBOL        counter
  D:0044H         SYMBOL        array
  -------         DO            
  D:0004H         SYMBOL        i
  -------         ENDDO         
  C:6281H         LINE#         191
  C:628FH         LINE#         192
  C:628FH         LINE#         193
  C:6292H         LINE#         194
  C:629BH         LINE#         195
  C:629BH         LINE#         196
  C:62B8H         LINE#         197
  C:62BFH         LINE#         198
  -------         ENDPROC       _IAPREADSECTOR
BL51 BANKED LINKER/LOCATER V6.22.2.0                                                  02/23/2025  14:30:22  PAGE 14


  -------         PROC          MEMORY
  C:6131H         LINE#         146
  C:6131H         LINE#         147
  C:6131H         LINE#         148
  C:6134H         LINE#         149
  C:6134H         LINE#         150
  C:6136H         LINE#         151
  C:613DH         LINE#         152
  C:6142H         LINE#         154
  C:6148H         LINE#         156
  C:6150H         LINE#         157
  C:6159H         LINE#         159
  C:6160H         LINE#         160
  C:6169H         LINE#         162
  C:6170H         LINE#         163
  C:6179H         LINE#         165
  C:6180H         LINE#         166
  C:6189H         LINE#         172
  C:6189H         LINE#         173
  -------         ENDPROC       MEMORY
  -------         PROC          READ_MEMORY
  C:5E0CH         LINE#         178
  C:5E0CH         LINE#         179
  C:5E0CH         LINE#         180
  C:5E15H         LINE#         183
  C:5E22H         LINE#         184
  C:5E22H         LINE#         185
  C:5E25H         LINE#         186
  C:5E28H         LINE#         187
  C:5E28H         LINE#         188
  C:5E3CH         LINE#         189
  C:5E3CH         LINE#         190
  C:5E3EH         LINE#         191
  C:5E4CH         LINE#         192
  C:5E60H         LINE#         193
  C:5E60H         LINE#         194
  C:5E62H         LINE#         195
  C:5E70H         LINE#         197
  C:5E84H         LINE#         198
  C:5E84H         LINE#         199
  C:5E86H         LINE#         200
  C:5E94H         LINE#         202
  C:5EA8H         LINE#         203
  C:5EA8H         LINE#         204
  C:5EAAH         LINE#         205
  C:5EB8H         LINE#         209
  C:5EBAH         LINE#         211
  -------         ENDPROC       READ_MEMORY
  -------         PROC          MEMORY_GPS
  -------         DO            
  D:0040H         SYMBOL        i
  -------         ENDDO         
  C:5CDFH         LINE#         213
  C:5CDFH         LINE#         214
  C:5CDFH         LINE#         215
  C:5CE2H         LINE#         216
  C:5CE8H         LINE#         217
BL51 BANKED LINKER/LOCATER V6.22.2.0                                                  02/23/2025  14:30:22  PAGE 15


  C:5CE8H         LINE#         218
  C:5CEAH         LINE#         219
  C:5CF0H         LINE#         220
  C:5CF3H         LINE#         221
  C:5CF3H         LINE#         222
  C:5CFAH         LINE#         223
  C:5CFAH         LINE#         224
  C:5CFAH         LINE#         225
  C:5CFAH         LINE#         226
  C:5CFAH         LINE#         227
  C:5CFAH         LINE#         228
  C:5CFCH         LINE#         229
  C:5D03H         LINE#         230
  C:5D03H         LINE#         231
  C:5D03H         LINE#         232
  C:5D03H         LINE#         233
  C:5D03H         LINE#         234
  C:5D03H         LINE#         235
  C:5D05H         LINE#         236
  C:5D0CH         LINE#         237
  C:5D0CH         LINE#         238
  C:5D0CH         LINE#         239
  C:5D0CH         LINE#         240
  C:5D0CH         LINE#         241
  C:5D0CH         LINE#         242
  C:5D0EH         LINE#         243
  C:5D18H         LINE#         244
  C:5D18H         LINE#         245
  C:5D56H         LINE#         246
  C:5D94H         LINE#         247
  C:5DD2H         LINE#         248
  C:5DFFH         LINE#         249
  C:5DFFH         LINE#         250
  C:5E0BH         LINE#         251
  C:5E0BH         LINE#         252
  -------         ENDPROC       MEMORY_GPS
  -------         PROC          READ_GPS
  C:64C7H         LINE#         255
  C:64C7H         LINE#         256
  C:64C7H         LINE#         258
  C:64D0H         LINE#         259
  -------         ENDPROC       READ_GPS
  -------         PROC          _UART1DATA
  D:0007H         SYMBOL        dat
  C:65A1H         LINE#         304
  C:65A1H         LINE#         305
  C:65A1H         LINE#         306
  C:65A3H         LINE#         307
  C:65A6H         LINE#         308
  C:65A8H         LINE#         309
  -------         ENDPROC       _UART1DATA
  -------         PROC          _UARTDATA_BYTE
  D:0008H         SYMBOL        byte
  C:6466H         LINE#         310
  C:646CH         LINE#         311
  C:646CH         LINE#         312
  C:6477H         LINE#         313
BL51 BANKED LINKER/LOCATER V6.22.2.0                                                  02/23/2025  14:30:22  PAGE 16


  C:6477H         LINE#         314
  C:6488H         LINE#         315
  C:648AH         LINE#         316
  -------         ENDPROC       _UARTDATA_BYTE
  -------         PROC          _DELAY
  D:0006H         SYMBOL        dat
  C:6596H         LINE#         318
  C:6596H         LINE#         319
  C:6596H         LINE#         320
  C:65A0H         LINE#         321
  -------         ENDPROC       _DELAY
  -------         PROC          _VERIFY_GPSDAT
  D:0001H         SYMBOL        dat
  -------         DO            
  D:0007H         SYMBOL        i
  -------         ENDDO         
  C:63C3H         LINE#         324
  C:63C3H         LINE#         325
  C:63C3H         LINE#         326
  C:63C5H         LINE#         327
  C:63CBH         LINE#         328
  C:63D9H         LINE#         329
  C:63DCH         LINE#         330
  C:63DCH         LINE#         331
  C:63DDH         LINE#         332
  C:63E4H         LINE#         333
  C:63E6H         LINE#         334
  C:63EBH         LINE#         335
  C:63EDH         LINE#         336
  -------         ENDPROC       _VERIFY_GPSDAT
  -------         PROC          _SEND_HEX
  D:0001H         SYMBOL        p
  D:0005H         SYMBOL        num
  C:64E1H         LINE#         338
  C:64E1H         LINE#         339
  C:64E1H         LINE#         340
  C:64E7H         LINE#         341
  C:64E7H         LINE#         342
  C:64ECH         LINE#         343
  C:64EFH         LINE#         344
  C:64F1H         LINE#         345
  C:64F8H         LINE#         346
  C:64FAH         LINE#         347
  -------         ENDPROC       _SEND_HEX
  -------         PROC          _DOSUM
  D:004AH         SYMBOL        Str
  D:0005H         SYMBOL        len
  -------         DO            
  D:004DH         SYMBOL        xorsum
  D:0004H         SYMBOL        i
  -------         ENDDO         
  C:618AH         LINE#         349
  C:6190H         LINE#         350
  C:6190H         LINE#         351
  C:6195H         LINE#         354
  C:619CH         LINE#         355
  C:619CH         LINE#         356
BL51 BANKED LINKER/LOCATER V6.22.2.0                                                  02/23/2025  14:30:22  PAGE 17


  C:61B3H         LINE#         357
  C:61B6H         LINE#         358
  C:61C1H         LINE#         359
  C:61CFH         LINE#         360
  -------         ENDPROC       _DOSUM
  -------         PROC          _SEND_APPOINT_MUSIC
  D:0007H         SYMBOL        dat
  -------         DO            
  D:0040H         SYMBOL        Table
  -------         ENDDO         
  C:63EEH         LINE#         364
  C:63EEH         LINE#         365
  C:63EEH         LINE#         367
  C:63F1H         LINE#         368
  C:63F4H         LINE#         369
  C:63F7H         LINE#         371
  C:63FAH         LINE#         372
  C:63FDH         LINE#         373
  C:63FFH         LINE#         374
  C:6401H         LINE#         375
  C:640BH         LINE#         376
  C:640EH         LINE#         378
  -------         ENDPROC       _SEND_APPOINT_MUSIC
  -------         PROC          _SEND_APPOINT_SOUND
  D:0007H         SYMBOL        dat
  -------         DO            
  D:0040H         SYMBOL        Table
  -------         ENDDO         
  C:6332H         LINE#         381
  C:6332H         LINE#         382
  C:6332H         LINE#         383
  C:6338H         LINE#         384
  C:6338H         LINE#         386
  C:633BH         LINE#         387
  C:633EH         LINE#         388
  C:6341H         LINE#         390
  C:6344H         LINE#         391
  C:6347H         LINE#         392
  C:6349H         LINE#         393
  C:634BH         LINE#         394
  C:6355H         LINE#         395
  C:6358H         LINE#         397
  C:6363H         LINE#         398
  C:6363H         LINE#         399
  -------         ENDPROC       _SEND_APPOINT_SOUND
  -------         PROC          READ_TIME1
  -------         DO            
  D:0007H         SYMBOL        i
  -------         ENDDO         
  C:5B76H         LINE#         401
  C:5B76H         LINE#         402
  C:5B76H         LINE#         405
  C:5B7DH         LINE#         406
  C:5B7DH         LINE#         407
  C:5B87H         LINE#         408
  C:5B8FH         LINE#         409
  C:5B97H         LINE#         410
BL51 BANKED LINKER/LOCATER V6.22.2.0                                                  02/23/2025  14:30:22  PAGE 18


  C:5B9FH         LINE#         411
  C:5BA7H         LINE#         412
  C:5BAFH         LINE#         413
  C:5BC4H         LINE#         414
  C:5BD9H         LINE#         415
  C:5BEEH         LINE#         416
  C:5C03H         LINE#         417
  C:5C18H         LINE#         418
  C:5C2DH         LINE#         419
  C:5C36H         LINE#         420
  C:5C36H         LINE#         421
  C:5C3DH         LINE#         422
  C:5C44H         LINE#         423
  C:5C4BH         LINE#         424
  C:5C52H         LINE#         425
  C:5C52H         LINE#         426
  C:5C56H         LINE#         427
  C:5C59H         LINE#         429
  C:5C59H         LINE#         430
  C:5C60H         LINE#         431
  C:5C67H         LINE#         433
  C:5C69H         LINE#         434
  C:5C69H         LINE#         435
  C:5C85H         LINE#         436
  C:5CA1H         LINE#         437
  C:5CA5H         LINE#         438
  C:5CA7H         LINE#         439
  C:5CA7H         LINE#         440
  C:5CCFH         LINE#         442
  C:5CD3H         LINE#         443
  C:5CD3H         LINE#         444
  C:5CD3H         LINE#         445
  C:5CD3H         LINE#         446
  C:5CD3H         LINE#         447
  C:5CD6H         LINE#         448
  C:5CDEH         LINE#         449
  C:5CDEH         LINE#         451
  -------         ENDPROC       READ_TIME1
  -------         PROC          DISPLAY
  -------         DO            
  D:0040H         SYMBOL        dat
  -------         ENDDO         
  C:0800H         LINE#         454
  C:0800H         LINE#         455
  C:0800H         LINE#         456
  C:0803H         LINE#         457
  C:080DH         LINE#         458
  C:080DH         LINE#         459
  C:0814H         LINE#         460
  C:0827H         LINE#         461
  C:0827H         LINE#         462
  C:0830H         LINE#         463
  C:083DH         LINE#         464
  C:0849H         LINE#         465
  C:0849H         LINE#         466
  C:0852H         LINE#         467
  C:0863H         LINE#         468
BL51 BANKED LINKER/LOCATER V6.22.2.0                                                  02/23/2025  14:30:22  PAGE 19


  C:0863H         LINE#         469
  C:0870H         LINE#         470
  C:087CH         LINE#         471
  C:087CH         LINE#         472
  C:0885H         LINE#         473
  C:0896H         LINE#         474
  C:0896H         LINE#         475
  C:08A3H         LINE#         476
  C:08AFH         LINE#         477
  C:08AFH         LINE#         479
  C:08B8H         LINE#         483
  C:08ECH         LINE#         484
  C:08ECH         LINE#         485
  C:08F4H         LINE#         486
  C:08FCH         LINE#         487
  C:0904H         LINE#         488
  C:090CH         LINE#         489
  C:0914H         LINE#         490
  C:091CH         LINE#         491
  C:0925H         LINE#         492
  C:0925H         LINE#         493
  C:092DH         LINE#         494
  C:0940H         LINE#         495
  C:0940H         LINE#         496
  C:094DH         LINE#         497
  C:0959H         LINE#         498
  C:0959H         LINE#         499
  C:0962H         LINE#         500
  C:0973H         LINE#         501
  C:0973H         LINE#         502
  C:0980H         LINE#         503
  C:098CH         LINE#         504
  C:098CH         LINE#         505
  C:0995H         LINE#         506
  C:09A6H         LINE#         507
  C:09A6H         LINE#         508
  C:09B3H         LINE#         509
  C:09BFH         LINE#         510
  C:09BFH         LINE#         512
  C:09C3H         LINE#         513
  C:09C3H         LINE#         514
  C:09CEH         LINE#         515
  C:09D2H         LINE#         516
  C:09D4H         LINE#         518
  C:09D4H         LINE#         519
  C:09DDH         LINE#         520
  C:09DDH         LINE#         522
  C:09E0H         LINE#         523
  C:09EBH         LINE#         524
  C:09F2H         LINE#         528
  C:09FDH         LINE#         529
  C:0A04H         LINE#         531
  C:0A0CH         LINE#         533
  C:0A13H         LINE#         534
  C:0A13H         LINE#         535
  C:0A16H         LINE#         536
  C:0A16H         LINE#         537
BL51 BANKED LINKER/LOCATER V6.22.2.0                                                  02/23/2025  14:30:22  PAGE 20


  C:0A22H         LINE#         538
  C:0A26H         LINE#         539
  C:0A29H         LINE#         541
  C:0A29H         LINE#         542
  C:0A2FH         LINE#         543
  C:0A2FH         LINE#         545
  C:0A32H         LINE#         546
  C:0A3FH         LINE#         547
  C:0A3FH         LINE#         548
  C:0A45H         LINE#         549
  C:0A45H         LINE#         551
  C:0A4BH         LINE#         552
  C:0A4BH         LINE#         553
  C:0A8FH         LINE#         554
  C:0A8FH         LINE#         555
  C:0A9BH         LINE#         556
  C:0A9FH         LINE#         557
  C:0AA2H         LINE#         559
  C:0AA2H         LINE#         560
  C:0AA7H         LINE#         561
  C:0AA7H         LINE#         562
  C:0AB3H         LINE#         563
  C:0AB7H         LINE#         564
  C:0ABAH         LINE#         566
  C:0ABAH         LINE#         567
  C:0AC6H         LINE#         568
  C:0ACAH         LINE#         569
  C:0ACAH         LINE#         570
  C:0ACDH         LINE#         572
  C:0ACDH         LINE#         573
  C:0AD2H         LINE#         574
  C:0AD2H         LINE#         575
  C:0ADEH         LINE#         576
  C:0AE2H         LINE#         577
  C:0AE5H         LINE#         579
  C:0AE5H         LINE#         580
  C:0AF1H         LINE#         581
  C:0AF5H         LINE#         582
  C:0AF5H         LINE#         583
  C:0AF8H         LINE#         585
  C:0AF8H         LINE#         586
  C:0AFDH         LINE#         587
  C:0AFDH         LINE#         588
  C:0B09H         LINE#         589
  C:0B0DH         LINE#         590
  C:0B10H         LINE#         592
  C:0B10H         LINE#         593
  C:0B1CH         LINE#         594
  C:0B20H         LINE#         595
  C:0B20H         LINE#         596
  C:0B23H         LINE#         597
  C:0B23H         LINE#         598
  C:0B28H         LINE#         599
  C:0B28H         LINE#         600
  C:0B34H         LINE#         601
  C:0B38H         LINE#         602
  C:0B3BH         LINE#         604
BL51 BANKED LINKER/LOCATER V6.22.2.0                                                  02/23/2025  14:30:22  PAGE 21


  C:0B3BH         LINE#         605
  C:0B47H         LINE#         606
  C:0B4BH         LINE#         607
  C:0B4BH         LINE#         608
  C:0B4EH         LINE#         609
  C:0B4EH         LINE#         610
  C:0B53H         LINE#         611
  C:0B53H         LINE#         612
  C:0B5FH         LINE#         613
  C:0B63H         LINE#         614
  C:0B66H         LINE#         616
  C:0B66H         LINE#         617
  C:0B72H         LINE#         618
  C:0B76H         LINE#         619
  C:0B76H         LINE#         620
  C:0B79H         LINE#         621
  C:0B79H         LINE#         622
  C:0B7EH         LINE#         623
  C:0B7EH         LINE#         624
  C:0B8AH         LINE#         625
  C:0B8EH         LINE#         626
  C:0B91H         LINE#         628
  C:0B91H         LINE#         629
  C:0B9DH         LINE#         630
  C:0BA1H         LINE#         631
  C:0BA1H         LINE#         632
  C:0BA4H         LINE#         633
  C:0BA4H         LINE#         634
  C:0BA9H         LINE#         635
  C:0BA9H         LINE#         636
  C:0BB5H         LINE#         637
  C:0BB9H         LINE#         638
  C:0BBCH         LINE#         640
  C:0BBCH         LINE#         641
  C:0BC8H         LINE#         642
  C:0BCCH         LINE#         643
  C:0BCCH         LINE#         644
  C:0BCFH         LINE#         645
  C:0BCFH         LINE#         646
  C:0BD4H         LINE#         647
  C:0BD4H         LINE#         648
  C:0BE0H         LINE#         649
  C:0BE4H         LINE#         650
  C:0BE7H         LINE#         652
  C:0BE7H         LINE#         653
  C:0BF3H         LINE#         654
  C:0BF7H         LINE#         655
  C:0BF7H         LINE#         656
  C:0BFAH         LINE#         657
  C:0BFAH         LINE#         658
  C:0BFFH         LINE#         659
  C:0BFFH         LINE#         660
  C:0C0BH         LINE#         661
  C:0C0FH         LINE#         662
  C:0C12H         LINE#         664
  C:0C12H         LINE#         665
  C:0C1EH         LINE#         666
BL51 BANKED LINKER/LOCATER V6.22.2.0                                                  02/23/2025  14:30:22  PAGE 22


  C:0C22H         LINE#         667
  C:0C22H         LINE#         668
  C:0C25H         LINE#         669
  C:0C25H         LINE#         670
  C:0C2AH         LINE#         671
  C:0C2AH         LINE#         672
  C:0C36H         LINE#         673
  C:0C3AH         LINE#         674
  C:0C3DH         LINE#         676
  C:0C3DH         LINE#         677
  C:0C49H         LINE#         678
  C:0C4DH         LINE#         679
  C:0C4DH         LINE#         680
  C:0C50H         LINE#         681
  C:0C50H         LINE#         682
  C:0C55H         LINE#         683
  C:0C55H         LINE#         684
  C:0C61H         LINE#         685
  C:0C65H         LINE#         686
  C:0C68H         LINE#         688
  C:0C68H         LINE#         689
  C:0C74H         LINE#         690
  C:0C78H         LINE#         691
  C:0C78H         LINE#         692
  C:0C7BH         LINE#         693
  C:0C7BH         LINE#         694
  C:0C80H         LINE#         695
  C:0C80H         LINE#         696
  C:0C8CH         LINE#         697
  C:0C90H         LINE#         698
  C:0C93H         LINE#         700
  C:0C93H         LINE#         701
  C:0C9FH         LINE#         702
  C:0CA3H         LINE#         703
  C:0CA3H         LINE#         704
  C:0CA6H         LINE#         705
  C:0CA6H         LINE#         706
  C:0CABH         LINE#         707
  C:0CABH         LINE#         708
  C:0CB7H         LINE#         709
  C:0CBBH         LINE#         710
  C:0CBEH         LINE#         712
  C:0CBEH         LINE#         713
  C:0CCAH         LINE#         714
  C:0CCEH         LINE#         715
  C:0CCEH         LINE#         717
  C:0CD1H         LINE#         718
  C:0CD1H         LINE#         719
  C:0CDDH         LINE#         720
  C:0CE1H         LINE#         721
  C:0CE4H         LINE#         723
  C:0CE4H         LINE#         724
  C:0CE4H         LINE#         726
  C:0CE4H         LINE#         729
  C:0D2AH         LINE#         730
  C:0D2AH         LINE#         731
  C:0D36H         LINE#         732
BL51 BANKED LINKER/LOCATER V6.22.2.0                                                  02/23/2025  14:30:22  PAGE 23


  C:0D3AH         LINE#         733
  C:0D3DH         LINE#         735
  C:0D3DH         LINE#         736
  C:0D42H         LINE#         737
  C:0D42H         LINE#         738
  C:0D4EH         LINE#         739
  C:0D52H         LINE#         740
  C:0D55H         LINE#         742
  C:0D55H         LINE#         743
  C:0D61H         LINE#         744
  C:0D65H         LINE#         745
  C:0D65H         LINE#         746
  C:0D68H         LINE#         748
  C:0D68H         LINE#         749
  C:0D6DH         LINE#         750
  C:0D6DH         LINE#         751
  C:0D79H         LINE#         752
  C:0D7DH         LINE#         753
  C:0D80H         LINE#         755
  C:0D80H         LINE#         756
  C:0D8CH         LINE#         757
  C:0D90H         LINE#         758
  C:0D90H         LINE#         759
  C:0D93H         LINE#         761
  C:0D93H         LINE#         762
  C:0D98H         LINE#         763
  C:0D98H         LINE#         764
  C:0DA4H         LINE#         765
  C:0DA8H         LINE#         766
  C:0DABH         LINE#         768
  C:0DABH         LINE#         769
  C:0DB7H         LINE#         770
  C:0DBBH         LINE#         771
  C:0DBBH         LINE#         772
  C:0DBEH         LINE#         773
  C:0DBEH         LINE#         774
  C:0DC3H         LINE#         775
  C:0DC3H         LINE#         776
  C:0DCFH         LINE#         777
  C:0DD3H         LINE#         778
  C:0DD6H         LINE#         780
  C:0DD6H         LINE#         781
  C:0DE2H         LINE#         782
  C:0DE6H         LINE#         783
  C:0DE6H         LINE#         784
  C:0DE9H         LINE#         785
  C:0DE9H         LINE#         786
  C:0DEEH         LINE#         787
  C:0DEEH         LINE#         788
  C:0DFAH         LINE#         789
  C:0DFEH         LINE#         790
  C:0E01H         LINE#         792
  C:0E01H         LINE#         793
  C:0E0DH         LINE#         794
  C:0E11H         LINE#         795
  C:0E11H         LINE#         796
  C:0E14H         LINE#         797
BL51 BANKED LINKER/LOCATER V6.22.2.0                                                  02/23/2025  14:30:22  PAGE 24


  C:0E14H         LINE#         798
  C:0E19H         LINE#         799
  C:0E19H         LINE#         800
  C:0E25H         LINE#         801
  C:0E29H         LINE#         802
  C:0E2CH         LINE#         804
  C:0E2CH         LINE#         805
  C:0E38H         LINE#         806
  C:0E3CH         LINE#         807
  C:0E3CH         LINE#         808
  C:0E3FH         LINE#         809
  C:0E3FH         LINE#         810
  C:0E44H         LINE#         811
  C:0E44H         LINE#         812
  C:0E50H         LINE#         813
  C:0E54H         LINE#         814
  C:0E57H         LINE#         816
  C:0E57H         LINE#         817
  C:0E63H         LINE#         818
  C:0E67H         LINE#         819
  C:0E67H         LINE#         820
  C:0E6AH         LINE#         821
  C:0E6AH         LINE#         822
  C:0E6FH         LINE#         823
  C:0E6FH         LINE#         824
  C:0E7BH         LINE#         825
  C:0E7FH         LINE#         826
  C:0E82H         LINE#         828
  C:0E82H         LINE#         829
  C:0E8EH         LINE#         830
  C:0E92H         LINE#         831
  C:0E92H         LINE#         832
  C:0E95H         LINE#         833
  C:0E95H         LINE#         834
  C:0E9AH         LINE#         835
  C:0E9AH         LINE#         836
  C:0EA6H         LINE#         837
  C:0EAAH         LINE#         838
  C:0EADH         LINE#         840
  C:0EADH         LINE#         841
  C:0EB9H         LINE#         842
  C:0EBDH         LINE#         843
  C:0EBDH         LINE#         844
  C:0EC0H         LINE#         845
  C:0EC0H         LINE#         846
  C:0EC5H         LINE#         847
  C:0EC5H         LINE#         848
  C:0ED1H         LINE#         849
  C:0ED5H         LINE#         850
  C:0ED8H         LINE#         852
  C:0ED8H         LINE#         853
  C:0EE4H         LINE#         854
  C:0EE8H         LINE#         855
  C:0EE8H         LINE#         856
  C:0EEBH         LINE#         857
  C:0EEBH         LINE#         858
  C:0EF0H         LINE#         859
BL51 BANKED LINKER/LOCATER V6.22.2.0                                                  02/23/2025  14:30:22  PAGE 25


  C:0EF0H         LINE#         860
  C:0EFCH         LINE#         861
  C:0F00H         LINE#         862
  C:0F03H         LINE#         864
  C:0F03H         LINE#         865
  C:0F0FH         LINE#         866
  C:0F13H         LINE#         867
  C:0F13H         LINE#         868
  C:0F16H         LINE#         869
  C:0F16H         LINE#         870
  C:0F1BH         LINE#         871
  C:0F1BH         LINE#         872
  C:0F27H         LINE#         873
  C:0F2BH         LINE#         874
  C:0F2EH         LINE#         876
  C:0F2EH         LINE#         877
  C:0F3AH         LINE#         878
  C:0F3EH         LINE#         879
  C:0F3EH         LINE#         880
  C:0F41H         LINE#         881
  C:0F41H         LINE#         882
  C:0F46H         LINE#         883
  C:0F46H         LINE#         884
  C:0F52H         LINE#         885
  C:0F56H         LINE#         886
  C:0F59H         LINE#         888
  C:0F59H         LINE#         889
  C:0F65H         LINE#         890
  C:0F69H         LINE#         891
  C:0F69H         LINE#         893
  C:0F6CH         LINE#         894
  C:0F6CH         LINE#         895
  C:0F78H         LINE#         896
  C:0F7CH         LINE#         897
  C:0F7FH         LINE#         901
  C:0F7FH         LINE#         902
  C:0F7FH         LINE#         904
  C:0F7FH         LINE#         906
  C:0F7FH         LINE#         907
  C:0F85H         LINE#         908
  C:0F85H         LINE#         909
  C:0F8BH         LINE#         910
  C:0F8BH         LINE#         911
  C:0FD2H         LINE#         912
  C:0FD2H         LINE#         913
  C:0FE5H         LINE#         914
  C:0FE9H         LINE#         915
  C:0FECH         LINE#         916
  C:0FECH         LINE#         917
  C:0FF8H         LINE#         918
  C:0FFCH         LINE#         919
  C:0FFCH         LINE#         920
  C:0FFFH         LINE#         921
  C:1012H         LINE#         922
  C:1016H         LINE#         923
  C:1019H         LINE#         924
  C:1019H         LINE#         925
BL51 BANKED LINKER/LOCATER V6.22.2.0                                                  02/23/2025  14:30:22  PAGE 26


  C:1025H         LINE#         926
  C:1029H         LINE#         927
  C:1029H         LINE#         928
  C:102CH         LINE#         929
  C:103FH         LINE#         930
  C:1043H         LINE#         931
  C:1046H         LINE#         932
  C:1046H         LINE#         933
  C:1052H         LINE#         934
  C:1056H         LINE#         935
  C:1056H         LINE#         936
  C:1059H         LINE#         937
  C:106CH         LINE#         938
  C:1070H         LINE#         939
  C:1073H         LINE#         940
  C:1073H         LINE#         941
  C:107FH         LINE#         942
  C:1083H         LINE#         943
  C:1083H         LINE#         944
  C:1086H         LINE#         946
  C:1099H         LINE#         947
  C:109DH         LINE#         948
  C:10A0H         LINE#         949
  C:10A0H         LINE#         950
  C:10ACH         LINE#         951
  C:10B0H         LINE#         952
  C:10B0H         LINE#         953
  C:10B3H         LINE#         955
  C:10C6H         LINE#         956
  C:10CAH         LINE#         957
  C:10CDH         LINE#         958
  C:10CDH         LINE#         959
  C:10D9H         LINE#         960
  C:10DDH         LINE#         961
  C:10DDH         LINE#         962
  C:10E0H         LINE#         963
  C:10F3H         LINE#         964
  C:10F7H         LINE#         965
  C:10FAH         LINE#         966
  C:10FAH         LINE#         967
  C:1106H         LINE#         968
  C:110AH         LINE#         969
  C:110AH         LINE#         970
  C:110DH         LINE#         972
  C:1120H         LINE#         973
  C:1124H         LINE#         974
  C:1127H         LINE#         975
  C:1127H         LINE#         976
  C:1133H         LINE#         977
  C:1137H         LINE#         978
  C:1137H         LINE#         979
  C:113AH         LINE#         980
  C:114DH         LINE#         981
  C:1151H         LINE#         982
  C:1154H         LINE#         983
  C:1154H         LINE#         984
  C:1160H         LINE#         985
BL51 BANKED LINKER/LOCATER V6.22.2.0                                                  02/23/2025  14:30:22  PAGE 27


  C:1164H         LINE#         986
  C:1164H         LINE#         987
  C:1167H         LINE#         988
  C:117AH         LINE#         989
  C:117EH         LINE#         990
  C:1181H         LINE#         991
  C:1181H         LINE#         992
  C:118DH         LINE#         993
  C:1191H         LINE#         994
  C:1191H         LINE#         995
  C:1194H         LINE#         996
  C:11A7H         LINE#         997
  C:11ABH         LINE#         998
  C:11AEH         LINE#         999
  C:11AEH         LINE#         1000
  C:11BAH         LINE#         1001
  C:11BEH         LINE#         1002
  C:11BEH         LINE#         1003
  C:11C1H         LINE#         1004
  C:11D4H         LINE#         1005
  C:11D8H         LINE#         1006
  C:11DBH         LINE#         1007
  C:11DBH         LINE#         1008
  C:11E7H         LINE#         1009
  C:11EBH         LINE#         1010
  C:11EBH         LINE#         1011
  C:11EEH         LINE#         1012
  C:1201H         LINE#         1013
  C:1205H         LINE#         1014
  C:1208H         LINE#         1015
  C:1208H         LINE#         1016
  C:1214H         LINE#         1017
  C:1218H         LINE#         1018
  C:1218H         LINE#         1019
  C:121BH         LINE#         1020
  C:122EH         LINE#         1021
  C:1232H         LINE#         1022
  C:1235H         LINE#         1023
  C:1235H         LINE#         1024
  C:1241H         LINE#         1025
  C:1245H         LINE#         1026
  C:1245H         LINE#         1027
  C:1248H         LINE#         1028
  C:125BH         LINE#         1029
  C:125FH         LINE#         1030
  C:1262H         LINE#         1031
  C:1262H         LINE#         1032
  C:126EH         LINE#         1033
  C:1272H         LINE#         1034
  C:1272H         LINE#         1035
  C:1275H         LINE#         1037
  C:1275H         LINE#         1038
  C:1275H         LINE#         1040
  C:1275H         LINE#         1044
  C:12BFH         LINE#         1045
  C:12BFH         LINE#         1046
  C:12D8H         LINE#         1047
BL51 BANKED LINKER/LOCATER V6.22.2.0                                                  02/23/2025  14:30:22  PAGE 28


  C:12DCH         LINE#         1048
  C:12DFH         LINE#         1049
  C:12DFH         LINE#         1050
  C:12EBH         LINE#         1051
  C:12EFH         LINE#         1052
  C:12EFH         LINE#         1053
  C:12F2H         LINE#         1054
  C:130BH         LINE#         1055
  C:130FH         LINE#         1056
  C:1312H         LINE#         1057
  C:1312H         LINE#         1058
  C:131EH         LINE#         1059
  C:1322H         LINE#         1060
  C:1322H         LINE#         1061
  C:1325H         LINE#         1062
  C:133EH         LINE#         1063
  C:1342H         LINE#         1064
  C:1345H         LINE#         1065
  C:1345H         LINE#         1066
  C:1351H         LINE#         1067
  C:1355H         LINE#         1068
  C:1355H         LINE#         1069
  C:1358H         LINE#         1070
  C:1371H         LINE#         1071
  C:1375H         LINE#         1072
  C:1378H         LINE#         1073
  C:1378H         LINE#         1074
  C:1384H         LINE#         1075
  C:1388H         LINE#         1076
  C:1388H         LINE#         1077
  C:138BH         LINE#         1079
  C:13A4H         LINE#         1080
  C:13A8H         LINE#         1081
  C:13ABH         LINE#         1082
  C:13ABH         LINE#         1083
  C:13B7H         LINE#         1084
  C:13BBH         LINE#         1085
  C:13BBH         LINE#         1086
  C:13BEH         LINE#         1088
  C:13D7H         LINE#         1089
  C:13DBH         LINE#         1090
  C:13DEH         LINE#         1091
  C:13DEH         LINE#         1092
  C:13EAH         LINE#         1093
  C:13EEH         LINE#         1094
  C:13EEH         LINE#         1095
  C:13F1H         LINE#         1096
  C:140AH         LINE#         1097
  C:140EH         LINE#         1098
  C:1411H         LINE#         1099
  C:1411H         LINE#         1100
  C:141DH         LINE#         1101
  C:1421H         LINE#         1102
  C:1421H         LINE#         1103
  C:1424H         LINE#         1104
  C:143DH         LINE#         1105
  C:1441H         LINE#         1106
BL51 BANKED LINKER/LOCATER V6.22.2.0                                                  02/23/2025  14:30:22  PAGE 29


  C:1444H         LINE#         1107
  C:1444H         LINE#         1108
  C:1450H         LINE#         1109
  C:1454H         LINE#         1110
  C:1454H         LINE#         1111
  C:1457H         LINE#         1112
  C:1470H         LINE#         1113
  C:1474H         LINE#         1114
  C:1477H         LINE#         1115
  C:1477H         LINE#         1116
  C:1483H         LINE#         1117
  C:1487H         LINE#         1118
  C:1487H         LINE#         1119
  C:148AH         LINE#         1120
  C:14A3H         LINE#         1121
  C:14A7H         LINE#         1122
  C:14AAH         LINE#         1123
  C:14AAH         LINE#         1124
  C:14B6H         LINE#         1125
  C:14BAH         LINE#         1126
  C:14BAH         LINE#         1127
  C:14BDH         LINE#         1128
  C:14D6H         LINE#         1129
  C:14DAH         LINE#         1130
  C:14DDH         LINE#         1131
  C:14DDH         LINE#         1132
  C:14E9H         LINE#         1133
  C:14EDH         LINE#         1134
  C:14EDH         LINE#         1135
  C:14F0H         LINE#         1136
  C:1509H         LINE#         1137
  C:150DH         LINE#         1138
  C:1510H         LINE#         1139
  C:1510H         LINE#         1140
  C:151CH         LINE#         1141
  C:1520H         LINE#         1142
  C:1520H         LINE#         1143
  C:1523H         LINE#         1144
  C:153CH         LINE#         1145
  C:1540H         LINE#         1146
  C:1543H         LINE#         1147
  C:1543H         LINE#         1148
  C:154FH         LINE#         1149
  C:1553H         LINE#         1150
  C:1553H         LINE#         1151
  C:1556H         LINE#         1152
  C:156FH         LINE#         1153
  C:1573H         LINE#         1154
  C:1576H         LINE#         1155
  C:1576H         LINE#         1156
  C:1582H         LINE#         1157
  C:1586H         LINE#         1158
  C:1586H         LINE#         1159
  C:1589H         LINE#         1160
  C:15A2H         LINE#         1161
  C:15A6H         LINE#         1162
  C:15A9H         LINE#         1163
BL51 BANKED LINKER/LOCATER V6.22.2.0                                                  02/23/2025  14:30:22  PAGE 30


  C:15A9H         LINE#         1164
  C:15B5H         LINE#         1165
  C:15B9H         LINE#         1166
  C:15B9H         LINE#         1167
  C:15BCH         LINE#         1169
  C:15BCH         LINE#         1170
  C:15BCH         LINE#         1173
  C:15C2H         LINE#         1175
  C:15C2H         LINE#         1177
  C:15C5H         LINE#         1178
  C:15D2H         LINE#         1179
  C:15D2H         LINE#         1180
  C:15D8H         LINE#         1181
  C:15D8H         LINE#         1182
  C:161CH         LINE#         1183
  C:161CH         LINE#         1184
  C:161CH         LINE#         1185
  C:1628H         LINE#         1186
  C:162CH         LINE#         1187
  C:162FH         LINE#         1188
  C:163BH         LINE#         1189
  C:163FH         LINE#         1190
  C:1642H         LINE#         1191
  C:164EH         LINE#         1192
  C:1652H         LINE#         1193
  C:1655H         LINE#         1194
  C:1661H         LINE#         1195
  C:1665H         LINE#         1196
  C:1668H         LINE#         1198
  C:1674H         LINE#         1199
  C:1678H         LINE#         1200
  C:167BH         LINE#         1202
  C:1687H         LINE#         1203
  C:168BH         LINE#         1204
  C:168EH         LINE#         1205
  C:169AH         LINE#         1206
  C:169EH         LINE#         1207
  C:16A1H         LINE#         1208
  C:16ADH         LINE#         1209
  C:16B1H         LINE#         1210
  C:16B4H         LINE#         1211
  C:16C0H         LINE#         1212
  C:16C4H         LINE#         1213
  C:16C7H         LINE#         1214
  C:16D3H         LINE#         1215
  C:16D7H         LINE#         1216
  C:16DAH         LINE#         1217
  C:16E6H         LINE#         1218
  C:16EAH         LINE#         1219
  C:16EDH         LINE#         1220
  C:16F9H         LINE#         1221
  C:16FDH         LINE#         1222
  C:1700H         LINE#         1223
  C:170CH         LINE#         1224
  C:1710H         LINE#         1225
  C:1713H         LINE#         1226
  C:171FH         LINE#         1227
BL51 BANKED LINKER/LOCATER V6.22.2.0                                                  02/23/2025  14:30:22  PAGE 31


  C:1723H         LINE#         1228
  C:1726H         LINE#         1229
  C:1732H         LINE#         1230
  C:1736H         LINE#         1231
  C:1739H         LINE#         1233
  C:1739H         LINE#         1234
  C:1739H         LINE#         1236
  C:1739H         LINE#         1237
  C:177FH         LINE#         1238
  C:177FH         LINE#         1239
  C:178BH         LINE#         1240
  C:178FH         LINE#         1241
  C:1792H         LINE#         1242
  C:179EH         LINE#         1243
  C:17A2H         LINE#         1244
  C:17A5H         LINE#         1245
  C:17B1H         LINE#         1246
  C:17B5H         LINE#         1247
  C:17B8H         LINE#         1248
  C:17C4H         LINE#         1249
  C:17C8H         LINE#         1250
  C:17CBH         LINE#         1252
  C:17D7H         LINE#         1253
  C:17DBH         LINE#         1254
  C:17DEH         LINE#         1256
  C:17EAH         LINE#         1257
  C:17EEH         LINE#         1258
  C:17F1H         LINE#         1259
  C:17FDH         LINE#         1260
  C:1801H         LINE#         1261
  C:1804H         LINE#         1262
  C:1810H         LINE#         1263
  C:1814H         LINE#         1264
  C:1817H         LINE#         1265
  C:1823H         LINE#         1266
  C:1827H         LINE#         1267
  C:182AH         LINE#         1268
  C:1836H         LINE#         1269
  C:183AH         LINE#         1270
  C:183DH         LINE#         1271
  C:1849H         LINE#         1272
  C:184DH         LINE#         1273
  C:1850H         LINE#         1274
  C:185CH         LINE#         1275
  C:1860H         LINE#         1276
  C:1863H         LINE#         1277
  C:186FH         LINE#         1278
  C:1873H         LINE#         1279
  C:1876H         LINE#         1280
  C:1882H         LINE#         1281
  C:1886H         LINE#         1282
  C:1889H         LINE#         1283
  C:1895H         LINE#         1284
  C:1899H         LINE#         1285
  C:189CH         LINE#         1287
  C:189CH         LINE#         1288
  C:189CH         LINE#         1289
BL51 BANKED LINKER/LOCATER V6.22.2.0                                                  02/23/2025  14:30:22  PAGE 32


  C:189CH         LINE#         1290
  C:189CH         LINE#         1291
  C:18A6H         LINE#         1292
  C:18A6H         LINE#         1293
  C:18ADH         LINE#         1294
  C:18B6H         LINE#         1295
  C:18BDH         LINE#         1296
  C:18C6H         LINE#         1297
  C:18D7H         LINE#         1299
  C:18D7H         LINE#         1300
  C:18E8H         LINE#         1301
  C:18F5H         LINE#         1302
  C:18F5H         LINE#         1303
  C:18FEH         LINE#         1305
  C:1901H         LINE#         1306
  C:190AH         LINE#         1307
  C:191BH         LINE#         1309
  C:191BH         LINE#         1310
  C:192CH         LINE#         1311
  C:1939H         LINE#         1312
  C:1939H         LINE#         1313
  C:1942H         LINE#         1315
  C:194AH         LINE#         1316
  C:1953H         LINE#         1317
  C:1962H         LINE#         1319
  C:1962H         LINE#         1320
  C:196EH         LINE#         1321
  C:1972H         LINE#         1322
  C:1972H         LINE#         1324
  C:1975H         LINE#         1325
  C:197FH         LINE#         1326
  C:197FH         LINE#         1328
  C:1986H         LINE#         1329
  C:198FH         LINE#         1330
  C:1996H         LINE#         1331
  C:199FH         LINE#         1333
  C:19A6H         LINE#         1334
  C:19AFH         LINE#         1335
  C:19C4H         LINE#         1336
  C:19D9H         LINE#         1337
  C:19EEH         LINE#         1338
  C:19F1H         LINE#         1339
  C:1A06H         LINE#         1340
  C:1A1AH         LINE#         1341
  C:1A2EH         LINE#         1342
  C:1A41H         LINE#         1343
  C:1A54H         LINE#         1344
  C:1A67H         LINE#         1345
  C:1A70H         LINE#         1346
  C:1A78H         LINE#         1347
  C:1A81H         LINE#         1348
  C:1A96H         LINE#         1349
  C:1AABH         LINE#         1350
  C:1AC0H         LINE#         1351
  C:1AC3H         LINE#         1352
  C:1AD8H         LINE#         1353
  C:1AECH         LINE#         1354
BL51 BANKED LINKER/LOCATER V6.22.2.0                                                  02/23/2025  14:30:22  PAGE 33


  C:1B00H         LINE#         1355
  C:1B13H         LINE#         1356
  C:1B26H         LINE#         1357
  C:1B39H         LINE#         1358
  C:1B3FH         LINE#         1361
  C:1B42H         LINE#         1362
  C:1B58H         LINE#         1363
  C:1B5BH         LINE#         1364
  C:1B62H         LINE#         1365
  C:1B6BH         LINE#         1366
  C:1B90H         LINE#         1367
  C:1B99H         LINE#         1368
  C:1BAFH         LINE#         1369
  C:1BB8H         LINE#         1370
  C:1BC0H         LINE#         1371
  C:1C08H         LINE#         1372
  C:1C08H         LINE#         1373
  C:1C10H         LINE#         1374
  C:1C18H         LINE#         1375
  C:1C20H         LINE#         1376
  C:1C28H         LINE#         1377
  C:1C30H         LINE#         1378
  C:1C38H         LINE#         1379
  C:1C40H         LINE#         1380
  C:1C48H         LINE#         1381
  C:1C50H         LINE#         1382
  C:1C58H         LINE#         1383
  C:1C60H         LINE#         1384
  C:1C68H         LINE#         1385
  C:1C70H         LINE#         1386
  C:1C78H         LINE#         1387
  C:1C81H         LINE#         1388
  C:1C81H         LINE#         1390
  C:1C84H         LINE#         1391
  C:1C8DH         LINE#         1392
  C:1CB4H         LINE#         1393
  C:1CC6H         LINE#         1394
  C:1CE0H         LINE#         1395
  C:1CE3H         LINE#         1396
  C:1D08H         LINE#         1397
  C:1D2EH         LINE#         1398
  C:1D54H         LINE#         1399
  C:1D79H         LINE#         1400
  C:1D9EH         LINE#         1401
  C:1DBDH         LINE#         1402
  C:1DC6H         LINE#         1403
  C:1DCEH         LINE#         1404
  C:1DD7H         LINE#         1405
  C:1DFEH         LINE#         1406
  C:1E10H         LINE#         1407
  C:1E35H         LINE#         1408
  C:1E38H         LINE#         1409
  C:1E5DH         LINE#         1410
  C:1E83H         LINE#         1411
  C:1EA9H         LINE#         1412
  C:1ECEH         LINE#         1413
  C:1EF3H         LINE#         1414
BL51 BANKED LINKER/LOCATER V6.22.2.0                                                  02/23/2025  14:30:22  PAGE 34


  C:1F12H         LINE#         1415
  C:1F18H         LINE#         1416
  C:1F1BH         LINE#         1417
  C:1F46H         LINE#         1418
  C:1F49H         LINE#         1419
  C:1F50H         LINE#         1420
  C:1F59H         LINE#         1421
  C:1F89H         LINE#         1422
  C:1F92H         LINE#         1423
  C:1FB1H         LINE#         1424
  C:1FBAH         LINE#         1425
  C:1FC2H         LINE#         1426
  C:200DH         LINE#         1427
  C:200DH         LINE#         1428
  C:2015H         LINE#         1429
  C:201DH         LINE#         1430
  C:2025H         LINE#         1431
  C:202DH         LINE#         1432
  C:2035H         LINE#         1433
  C:203DH         LINE#         1434
  C:2045H         LINE#         1435
  C:204DH         LINE#         1436
  C:2055H         LINE#         1437
  C:205DH         LINE#         1438
  C:2065H         LINE#         1439
  C:206DH         LINE#         1440
  C:2075H         LINE#         1441
  C:207DH         LINE#         1442
  C:2086H         LINE#         1443
  C:2086H         LINE#         1444
  C:2089H         LINE#         1445
  C:2092H         LINE#         1446
  C:20C7H         LINE#         1447
  C:20CAH         LINE#         1448
  C:20FDH         LINE#         1449
  C:2100H         LINE#         1450
  C:2133H         LINE#         1451
  C:2167H         LINE#         1452
  C:219BH         LINE#         1453
  C:21CEH         LINE#         1454
  C:2201H         LINE#         1455
  C:222EH         LINE#         1456
  C:2237H         LINE#         1457
  C:223FH         LINE#         1458
  C:2248H         LINE#         1459
  C:227DH         LINE#         1460
  C:2285H         LINE#         1461
  C:22B8H         LINE#         1462
  C:22BBH         LINE#         1463
  C:22EEH         LINE#         1464
  C:2322H         LINE#         1465
  C:2356H         LINE#         1466
  C:2389H         LINE#         1467
  C:23BCH         LINE#         1468
  C:23E9H         LINE#         1469
  C:23F2H         LINE#         1470
  C:23F2H         LINE#         1474
BL51 BANKED LINKER/LOCATER V6.22.2.0                                                  02/23/2025  14:30:22  PAGE 35


  -------         ENDPROC       DISPLAY
  -------         PROC          KEY_DISPOSE
  C:3E5CH         LINE#         1477
  C:3E5CH         LINE#         1478
  C:3E5CH         LINE#         1479
  C:3E5FH         LINE#         1480
  C:3E5FH         LINE#         1481
  C:3E62H         LINE#         1482
  C:3E62H         LINE#         1483
  C:3E64H         LINE#         1484
  C:3E7EH         LINE#         1485
  C:3E86H         LINE#         1487
  C:3E86H         LINE#         1488
  C:3E88H         LINE#         1489
  C:3E8AH         LINE#         1492
  C:3E90H         LINE#         1493
[...]
  C:3411H         LINE#         2182
  C:3411H         LINE#         2183
  C:3416H         LINE#         2184
  C:341FH         LINE#         2185
  C:341FH         LINE#         2186
  C:3428H         LINE#         2187
  C:3428H         LINE#         2188
  C:342BH         LINE#         2189
  C:3430H         LINE#         2190
  C:3430H         LINE#         2191
  C:3430H         LINE#         2192
  C:3433H         LINE#         2193
  C:34EAH         LINE#         2194
  C:34EAH         LINE#         2195
  C:34EFH         LINE#         2196
  C:34F8H         LINE#         2197
  C:34F8H         LINE#         2198
  C:3501H         LINE#         2199
  C:3501H         LINE#         2200
  C:3504H         LINE#         2201
  C:3509H         LINE#         2203
  C:3509H         LINE#         2204
  C:3509H         LINE#         2205
  C:350CH         LINE#         2206
  C:35C3H         LINE#         2207
  C:35C3H         LINE#         2208
  C:35C8H         LINE#         2209
  C:35D1H         LINE#         2210
  C:35D1H         LINE#         2211
  C:35DAH         LINE#         2212
  C:35DAH         LINE#         2213
  C:35DDH         LINE#         2214
  C:35E2H         LINE#         2215
  C:35E2H         LINE#         2216
  C:35E2H         LINE#         2217
  C:35E5H         LINE#         2218
  C:369CH         LINE#         2219
  C:369CH         LINE#         2220
  C:36A1H         LINE#         2221
BL51 BANKED LINKER/LOCATER V6.22.2.0                                                  02/23/2025  14:30:22  PAGE 47


  C:36AAH         LINE#         2222
  C:36AAH         LINE#         2223
  C:36B3H         LINE#         2224
  C:36B3H         LINE#         2225
  C:36B6H         LINE#         2226
  C:36BBH         LINE#         2228
  C:36BBH         LINE#         2229
  C:36BBH         LINE#         2230
  C:36BEH         LINE#         2231
  C:3775H         LINE#         2232
  C:3775H         LINE#         2233
  C:377AH         LINE#         2234
  C:3783H         LINE#         2235
  C:3783H         LINE#         2236
  C:378CH         LINE#         2237
  C:378CH         LINE#         2238
  C:378FH         LINE#         2239
  C:3794H         LINE#         2241
  C:3794H         LINE#         2242
  C:3794H         LINE#         2243
  C:3797H         LINE#         2244
  C:384EH         LINE#         2245
  C:384EH         LINE#         2246
  C:3853H         LINE#         2247
  C:385CH         LINE#         2248
  C:385CH         LINE#         2249
  C:3865H         LINE#         2250
  C:3865H         LINE#         2251
  C:3868H         LINE#         2252
  C:386DH         LINE#         2254
  C:386DH         LINE#         2255
  C:386DH         LINE#         2256
  C:3870H         LINE#         2257
  C:3927H         LINE#         2258
  C:3927H         LINE#         2259
  C:392CH         LINE#         2260
  C:3935H         LINE#         2261
  C:3935H         LINE#         2262
  C:393EH         LINE#         2263
  C:393EH         LINE#         2264
  C:3941H         LINE#         2265
  C:3946H         LINE#         2267
  C:3946H         LINE#         2268
  C:3946H         LINE#         2269
  C:3949H         LINE#         2270
  C:3A00H         LINE#         2271
  C:3A00H         LINE#         2272
  C:3A05H         LINE#         2273
  C:3A0EH         LINE#         2274
  C:3A0EH         LINE#         2275
  C:3A17H         LINE#         2276
  C:3A17H         LINE#         2277
  C:3A1AH         LINE#         2278
  C:3A1FH         LINE#         2280
  C:3A1FH         LINE#         2281
  C:3A1FH         LINE#         2282
  C:3A22H         LINE#         2283
BL51 BANKED LINKER/LOCATER V6.22.2.0                                                  02/23/2025  14:30:22  PAGE 48


  C:3AD9H         LINE#         2284
  C:3AD9H         LINE#         2285
  C:3ADEH         LINE#         2286
  C:3AE7H         LINE#         2287
  C:3AE7H         LINE#         2288
  C:3AF0H         LINE#         2289
  C:3AF0H         LINE#         2290
  C:3AF3H         LINE#         2291
  C:3AF8H         LINE#         2293
  C:3AF8H         LINE#         2294
  C:3AF8H         LINE#         2295
  C:3AFBH         LINE#         2296
  C:3BB2H         LINE#         2297
  C:3BB2H         LINE#         2298
  C:3BB7H         LINE#         2299
  C:3BC0H         LINE#         2300
  C:3BC0H         LINE#         2301
  C:3BC9H         LINE#         2302
  C:3BC9H         LINE#         2303
  C:3BCCH         LINE#         2304
  C:3BD1H         LINE#         2306
  C:3BD1H         LINE#         2307
  C:3BD1H         LINE#         2308
  C:3BD4H         LINE#         2309
  C:3C8BH         LINE#         2310
  C:3C8BH         LINE#         2311
  C:3C90H         LINE#         2312
  C:3C99H         LINE#         2313
  C:3C99H         LINE#         2314
  C:3CA2H         LINE#         2315
  C:3CA2H         LINE#         2316
  C:3CA5H         LINE#         2317
  C:3CAAH         LINE#         2319
  C:3CAAH         LINE#         2320
  C:3CAAH         LINE#         2321
  C:3CADH         LINE#         2322
  C:3D64H         LINE#         2323
  C:3D64H         LINE#         2324
  C:3D69H         LINE#         2325
  C:3D72H         LINE#         2326
  C:3D72H         LINE#         2327
  C:3D7BH         LINE#         2328
  C:3D7BH         LINE#         2329
  C:3D7EH         LINE#         2330
  C:3D83H         LINE#         2332
  C:3D83H         LINE#         2333
  C:3D83H         LINE#         2334
  C:3D86H         LINE#         2335
  C:3E3DH         LINE#         2336
  C:3E3DH         LINE#         2337
  C:3E42H         LINE#         2338
  C:3E48H         LINE#         2339
  C:3E48H         LINE#         2340
  C:3E4EH         LINE#         2341
  C:3E4EH         LINE#         2342
  C:3E51H         LINE#         2343
  C:3E59H         LINE#         2344
BL51 BANKED LINKER/LOCATER V6.22.2.0                                                  02/23/2025  14:30:22  PAGE 49


  C:3E59H         LINE#         2345
  C:3E59H         LINE#         2346
  C:3E59H         LINE#         2347
  C:3E5BH         LINE#         2348
  C:3E5BH         LINE#         2349
  C:3E5BH         LINE#         2350
  -------         ENDPROC       GPS_ROUTE_DISPOSE
  -------         PROC          MAIN
  C:6364H         LINE#         2351
  C:6364H         LINE#         2352
  C:6364H         LINE#         2353
  C:6367H         LINE#         2354
  C:636AH         LINE#         2357
  C:636DH         LINE#         2358
  C:636FH         LINE#         2359
  C:636FH         LINE#         2360
  C:636FH         LINE#         2362
  C:636FH         LINE#         2363
  C:6372H         LINE#         2365
  C:6372H         LINE#         2366
  C:6372H         LINE#         2367
  C:6375H         LINE#         2368
  C:6378H         LINE#         2369
  C:637BH         LINE#         2370
  C:637EH         LINE#         2371
  C:6381H         LINE#         2372
  C:6384H         LINE#         2373
  C:6387H         LINE#         2375
  C:638AH         LINE#         2376
  C:638AH         LINE#         2377
  C:638DH         LINE#         2378
  C:638DH         LINE#         2379
  C:638FH         LINE#         2380
  C:6394H         LINE#         2381
  C:6394H         LINE#         2382
  C:6394H         LINE#         2383
  -------         ENDPROC       MAIN
  -------         PROC          TIME0
  C:6050H         LINE#         2388
  C:606DH         LINE#         2390
  C:6070H         LINE#         2391
  C:6073H         LINE#         2392
  C:6075H         LINE#         2393
  C:6078H         LINE#         2394
  C:6082H         LINE#         2395
  C:6082H         LINE#         2396
  C:6084H         LINE#         2397
  C:6086H         LINE#         2398
  C:608CH         LINE#         2399
  C:608CH         LINE#         2400
  C:6096H         LINE#         2401
  C:6096H         LINE#         2402
  C:609CH         LINE#         2403
  C:60A4H         LINE#         2404
  C:60A4H         LINE#         2406
  C:60ABH         LINE#         2407
  C:60ABH         LINE#         2408
BL51 BANKED LINKER/LOCATER V6.22.2.0                                                  02/23/2025  14:30:22  PAGE 50


  C:60AEH         LINE#         2409
  C:60AEH         LINE#         2410
  -------         ENDPROC       TIME0
  -------         PROC          UART_RX
  -------         DO            
  D:0032H         SYMBOL        abc
  D:0036H         SYMBOL        de
  D:003AH         SYMBOL        fghi
  D:003EH         SYMBOL        i
  D:0007H         SYMBOL        j
  D:003FH         SYMBOL        k
  -------         ENDDO         
  C:4A4CH         LINE#         2414
  C:4A69H         LINE#         2418
  C:4A6FH         LINE#         2419
  C:4A6FH         LINE#         2420
  C:4A71H         LINE#         2421
  C:4A7FH         LINE#         2422
  C:4A90H         LINE#         2423
  C:4AD4H         LINE#         2424
  C:4AD4H         LINE#         2425
  C:4AE5H         LINE#         2426
  C:4AE5H         LINE#         2427
  C:4AEFH         LINE#         2428
  C:4AEFH         LINE#         2429
  C:4B02H         LINE#         2430
  C:4B02H         LINE#         2431
  C:4B09H         LINE#         2432
  C:4B0DH         LINE#         2433
  C:4B17H         LINE#         2434
  C:4B17H         LINE#         2435
  C:4B25H         LINE#         2436
  C:4B25H         LINE#         2437
  C:4B3FH         LINE#         2438
  C:4B4CH         LINE#         2439
  C:4B50H         LINE#         2440
  C:4B5BH         LINE#         2441
  C:4B5BH         LINE#         2442
  C:4B72H         LINE#         2443
  C:4B9DH         LINE#         2444
  C:4C0BH         LINE#         2445
  C:4C0BH         LINE#         2446
  C:4C0BH         LINE#         2448
  C:4C19H         LINE#         2449
  C:4C19H         LINE#         2450
  C:4C44H         LINE#         2451
  C:4C6FH         LINE#         2452
  C:4CFBH         LINE#         2453
  C:4D46H         LINE#         2454
  C:4D64H         LINE#         2455
  C:4D64H         LINE#         2456
  C:4D64H         LINE#         2457
  C:4D75H         LINE#         2458
  C:4D75H         LINE#         2459
  C:4D7BH         LINE#         2460
  C:4D7EH         LINE#         2461
  C:4D87H         LINE#         2462
BL51 BANKED LINKER/LOCATER V6.22.2.0                                                  02/23/2025  14:30:22  PAGE 51


  C:4D87H         LINE#         2463
  C:4D97H         LINE#         2464
  C:4D97H         LINE#         2465
  C:4DB3H         LINE#         2466
  C:4DC0H         LINE#         2467
  C:4DC4H         LINE#         2468
  C:4DCFH         LINE#         2469
  C:4DCFH         LINE#         2470
  C:4DFAH         LINE#         2471
  C:4E25H         LINE#         2472
  C:4E87H         LINE#         2473
  C:4E87H         LINE#         2474
  C:4E87H         LINE#         2475
  C:4E95H         LINE#         2476
  C:4E95H         LINE#         2477
  C:4EDCH         LINE#         2478
  C:4F07H         LINE#         2479
  C:4F93H         LINE#         2480
  C:4FDEH         LINE#         2481
  C:4FFCH         LINE#         2482
  C:4FFCH         LINE#         2483
  C:4FFCH         LINE#         2484
  C:4FFFH         LINE#         2485
  C:5001H         LINE#         2486
  C:5001H         LINE#         2489
  C:5004H         LINE#         2490
  C:5004H         LINE#         2491
  C:5011H         LINE#         2492
  C:501EH         LINE#         2493
  C:5025H         LINE#         2494
  C:5025H         LINE#         2495
  C:5025H         LINE#         2496
  C:505BH         LINE#         2497
  C:505BH         LINE#         2498
  C:505EH         LINE#         2499
  C:5072H         LINE#         2500
  C:5086H         LINE#         2501
  C:509AH         LINE#         2503
  C:50AEH         LINE#         2504
  C:50C2H         LINE#         2505
  C:50D6H         LINE#         2506
  C:50DDH         LINE#         2508
  C:50E7H         LINE#         2509
  C:50E7H         LINE#         2510
  C:50EFH         LINE#         2511
  C:50F3H         LINE#         2512
  C:515AH         LINE#         2513
  C:515AH         LINE#         2514
  C:5166H         LINE#         2515
  C:5166H         LINE#         2516
  C:516AH         LINE#         2517
  C:516EH         LINE#         2518
  C:5174H         LINE#         2519
  C:5174H         LINE#         2520
  C:5174H         LINE#         2521
  C:5174H         LINE#         2522
  C:5174H         LINE#         2523
BL51 BANKED LINKER/LOCATER V6.22.2.0                                                  02/23/2025  14:30:22  PAGE 52


  C:5174H         LINE#         2524
  C:51AFH         LINE#         2525
  C:51AFH         LINE#         2526
  C:51B8H         LINE#         2527
  C:51B8H         LINE#         2528
  C:51BCH         LINE#         2529
  C:51C0H         LINE#         2530
  C:51C6H         LINE#         2531
  C:51C6H         LINE#         2532
  C:51C6H         LINE#         2533
  C:51C6H         LINE#         2534
  C:51C6H         LINE#         2535
  C:51C6H         LINE#         2536
  C:51C8H         LINE#         2537
  C:51C8H         LINE#         2538
  C:51D1H         LINE#         2539
  C:51D1H         LINE#         2540
  C:51D5H         LINE#         2541
  C:51D9H         LINE#         2542
  C:51DFH         LINE#         2543
  C:51DFH         LINE#         2544
  C:51E3H         LINE#         2545
  C:51E9H         LINE#         2546
  C:51E9H         LINE#         2547
  C:51E9H         LINE#         2548
  C:51E9H         LINE#         2549
  C:51E9H         LINE#         2550
  C:51F0H         LINE#         2551
  C:51F7H         LINE#         2552
  C:51FAH         LINE#         2553
  C:51FAH         LINE#         2554
  C:5218H         LINE#         2555
  C:5236H         LINE#         2556
  C:523DH         LINE#         2557
  C:5240H         LINE#         2558
  C:5240H         LINE#         2559
  C:526BH         LINE#         2560
  C:5272H         LINE#         2561
  C:5272H         LINE#         2562
  C:5272H         LINE#         2563
  C:5272H         LINE#         2564
  C:5272H         LINE#         2565
  C:5275H         LINE#         2566
  C:527FH         LINE#         2567
  C:5281H         LINE#         2568
  C:5281H         LINE#         2569
  C:5284H         LINE#         2570
  C:5284H         LINE#         2571
  C:5284H         LINE#         2572
  -------         ENDPROC       UART_RX
  -------         ENDMOD        C51

  -------         MODULE        ?C?FPADD
  C:52A6H         PUBLIC        ?C?FPADD
  C:52A2H         PUBLIC        ?C?FPSUB
  -------         ENDMOD        ?C?FPADD

BL51 BANKED LINKER/LOCATER V6.22.2.0                                                  02/23/2025  14:30:22  PAGE 53


  -------         MODULE        ?C?FPMUL
  C:5397H         PUBLIC        ?C?FPMUL
  -------         ENDMOD        ?C?FPMUL

  -------         MODULE        ?C?FPDIV
  C:54A0H         PUBLIC        ?C?FPDIV
  -------         ENDMOD        ?C?FPDIV

  -------         MODULE        ?C?FCAST
  C:5547H         PUBLIC        ?C?FCASTC
  C:5542H         PUBLIC        ?C?FCASTI
  C:553DH         PUBLIC        ?C?FCASTL
  -------         ENDMOD        ?C?FCAST

  -------         MODULE        ?C?CASTF
  C:557BH         PUBLIC        ?C?CASTF
  -------         ENDMOD        ?C?CASTF

  -------         MODULE        ?C?CLDPTR
  C:55FCH         PUBLIC        ?C?CLDPTR
  -------         ENDMOD        ?C?CLDPTR

  -------         MODULE        ?C?CLDOPTR
  C:5615H         PUBLIC        ?C?CLDOPTR
  -------         ENDMOD        ?C?CLDOPTR

  -------         MODULE        ?C?CSTOPTR
  C:5642H         PUBLIC        ?C?CSTOPTR
  -------         ENDMOD        ?C?CSTOPTR

  -------         MODULE        ?C?IMUL
  C:5664H         PUBLIC        ?C?IMUL
  -------         ENDMOD        ?C?IMUL

  -------         MODULE        ?C?UIDIV
  C:5676H         PUBLIC        ?C?UIDIV
  -------         ENDMOD        ?C?UIDIV

  -------         MODULE        ?C?SIDIV
  C:56CBH         PUBLIC        ?C?SIDIV
  -------         ENDMOD        ?C?SIDIV

  -------         MODULE        ?C?ULDIV
  C:573DH         PUBLIC        ?C?ULDIV
  -------         ENDMOD        ?C?ULDIV

  -------         MODULE        ?C?LNEG
  C:57CFH         PUBLIC        ?C?LNEG
  -------         ENDMOD        ?C?LNEG

  -------         MODULE        ?C?ULCMP
  C:57DDH         PUBLIC        ?C?ULCMP
  -------         ENDMOD        ?C?ULCMP

  -------         MODULE        ?C?LSTXDATA
  C:57EEH         PUBLIC        ?C?LSTXDATA
  -------         ENDMOD        ?C?LSTXDATA
BL51 BANKED LINKER/LOCATER V6.22.2.0                                                  02/23/2025  14:30:22  PAGE 54



  -------         MODULE        ?C?OFFXADD
  C:57FAH         PUBLIC        ?C?OFFXADD
  -------         ENDMOD        ?C?OFFXADD

*** WARNING L16: UNCALLED SEGMENT, IGNORED FOR OVERLAY PROCESS
    SEGMENT: ?PR?LCD12864_QING?C51

*** WARNING L16: UNCALLED SEGMENT, IGNORED FOR OVERLAY PROCESS
    SEGMENT: ?PR?_DELAY_EEPROM?C51

*** WARNING L16: UNCALLED SEGMENT, IGNORED FOR OVERLAY PROCESS
    SEGMENT: ?PR?_UARTDATA_BYTE?C51

*** WARNING L16: UNCALLED SEGMENT, IGNORED FOR OVERLAY PROCESS
    SEGMENT: ?PR?_DELAY?C51

*** WARNING L15: MULTIPLE CALL TO SEGMENT
    SEGMENT: ?PR?LCD12864_WRITE?C51
    CALLER1: ?PR?TIME0?C51
    CALLER2: ?C_C51STARTUP

*** WARNING L15: MULTIPLE CALL TO SEGMENT
    SEGMENT: ?PR?_SEND_APPOINT_MUSIC?C51
    CALLER1: ?PR?TIME0?C51
    CALLER2: ?C_C51STARTUP

*** WARNING L15: MULTIPLE CALL TO SEGMENT
    SEGMENT: ?PR?_DOSUM?C51
    CALLER1: ?PR?TIME0?C51
    CALLER2: ?C_C51STARTUP

*** WARNING L15: MULTIPLE CALL TO SEGMENT
    SEGMENT: ?PR?_SEQUENTIAL_WRITE_FLASH_IN_ONE_SECTOR?C51
    CALLER1: ?PR?TIME0?C51
    CALLER2: ?C_C51STARTUP

******************************************************************************
* RESTRICTED VERSION WITH 0800H BYTE CODE SIZE LIMIT; USED: 57BBH BYTE (1096%) *
******************************************************************************

Program Size: data=94.4 xdata=422 code=23986
LINK/LOCATE RUN COMPLETE.  8 WARNING(S),  0 ERROR(S)

*** WARNING L16: UNCALLED SEGMENT, IGNORED FOR OVERLAY PROCESS
    SEGMENT: ?PR?LCD12864_QING?C51

*** WARNING L16: UNCALLED SEGMENT, IGNORED FOR OVERLAY PROCESS
    SEGMENT: ?PR?_DELAY_EEPROM?C51

*** WARNING L16: UNCALLED SEGMENT, IGNORED FOR OVERLAY PROCESS
    SEGMENT: ?PR?_UARTDATA_BYTE?C51

*** WARNING L16: UNCALLED SEGMENT, IGNORED FOR OVERLAY PROCESS
    SEGMENT: ?PR?_DELAY?C51

*** WARNING L15: MULTIPLE CALL TO SEGMENT
BL51 BANKED LINKER/LOCATER V6.22.2.0                                                  02/23/2025  14:30:22  PAGE 55


    SEGMENT: ?PR?LCD12864_WRITE?C51
    CALLER1: ?PR?TIME0?C51
    CALLER2: ?C_C51STARTUP

*** WARNING L15: MULTIPLE CALL TO SEGMENT
    SEGMENT: ?PR?_SEND_APPOINT_MUSIC?C51
    CALLER1: ?PR?TIME0?C51
    CALLER2: ?C_C51STARTUP

*** WARNING L15: MULTIPLE CALL TO SEGMENT
    SEGMENT: ?PR?_DOSUM?C51
    CALLER1: ?PR?TIME0?C51
    CALLER2: ?C_C51STARTUP

*** WARNING L15: MULTIPLE CALL TO SEGMENT
    SEGMENT: ?PR?_SEQUENTIAL_WRITE_FLASH_IN_ONE_SECTOR?C51
    CALLER1: ?PR?TIME0?C51
    CALLER2: ?C_C51STARTUP

*** FATAL ERROR L250: CODE SIZE LIMIT IN RESTRICTED VERSION EXCEEDED
    MODULE:  D:\KEIL\C51\LIB\C51S.LIB (-----)
    LIMIT:   0800H BYTES